Archive member included to satisfy reference by file (symbol)

/home/bruno-laptop/Programs/Ac6/SystemWorkbench/plugins/fr.ac6.mcu.externaltools.arm-none.linux64_1.17.0.201812190825/tools/compiler/bin/../lib/gcc/arm-none-eabi/7.3.1/../../../../arm-none-eabi/lib/thumb/v7-m/libc.a(lib_a-errno.o)
                              src/syscalls.o (__errno)
/home/bruno-laptop/Programs/Ac6/SystemWorkbench/plugins/fr.ac6.mcu.externaltools.arm-none.linux64_1.17.0.201812190825/tools/compiler/bin/../lib/gcc/arm-none-eabi/7.3.1/../../../../arm-none-eabi/lib/thumb/v7-m/libc.a(lib_a-exit.o)
                              /home/bruno-laptop/Programs/Ac6/SystemWorkbench/plugins/fr.ac6.mcu.externaltools.arm-none.linux64_1.17.0.201812190825/tools/compiler/bin/../lib/gcc/arm-none-eabi/7.3.1/../../../../arm-none-eabi/lib/thumb/v7-m/crt0.o (exit)
/home/bruno-laptop/Programs/Ac6/SystemWorkbench/plugins/fr.ac6.mcu.externaltools.arm-none.linux64_1.17.0.201812190825/tools/compiler/bin/../lib/gcc/arm-none-eabi/7.3.1/../../../../arm-none-eabi/lib/thumb/v7-m/libc.a(lib_a-impure.o)
                              /home/bruno-laptop/Programs/Ac6/SystemWorkbench/plugins/fr.ac6.mcu.externaltools.arm-none.linux64_1.17.0.201812190825/tools/compiler/bin/../lib/gcc/arm-none-eabi/7.3.1/../../../../arm-none-eabi/lib/thumb/v7-m/libc.a(lib_a-exit.o) (_global_impure_ptr)
/home/bruno-laptop/Programs/Ac6/SystemWorkbench/plugins/fr.ac6.mcu.externaltools.arm-none.linux64_1.17.0.201812190825/tools/compiler/bin/../lib/gcc/arm-none-eabi/7.3.1/../../../../arm-none-eabi/lib/thumb/v7-m/libc.a(lib_a-init.o)
                              /home/bruno-laptop/Programs/Ac6/SystemWorkbench/plugins/fr.ac6.mcu.externaltools.arm-none.linux64_1.17.0.201812190825/tools/compiler/bin/../lib/gcc/arm-none-eabi/7.3.1/../../../../arm-none-eabi/lib/thumb/v7-m/crt0.o (__libc_init_array)
/home/bruno-laptop/Programs/Ac6/SystemWorkbench/plugins/fr.ac6.mcu.externaltools.arm-none.linux64_1.17.0.201812190825/tools/compiler/bin/../lib/gcc/arm-none-eabi/7.3.1/../../../../arm-none-eabi/lib/thumb/v7-m/libc.a(lib_a-memset.o)
                              /home/bruno-laptop/Programs/Ac6/SystemWorkbench/plugins/fr.ac6.mcu.externaltools.arm-none.linux64_1.17.0.201812190825/tools/compiler/bin/../lib/gcc/arm-none-eabi/7.3.1/../../../../arm-none-eabi/lib/thumb/v7-m/crt0.o (memset)
/home/bruno-laptop/Programs/Ac6/SystemWorkbench/plugins/fr.ac6.mcu.externaltools.arm-none.linux64_1.17.0.201812190825/tools/compiler/bin/../lib/gcc/arm-none-eabi/7.3.1/../../../../arm-none-eabi/lib/thumb/v7-m/libc.a(lib_a-sprintf.o)
                              src/lcd.o (sprintf)
/home/bruno-laptop/Programs/Ac6/SystemWorkbench/plugins/fr.ac6.mcu.externaltools.arm-none.linux64_1.17.0.201812190825/tools/compiler/bin/../lib/gcc/arm-none-eabi/7.3.1/../../../../arm-none-eabi/lib/thumb/v7-m/libc.a(lib_a-strlen-stub.o)
                              src/lcd.o (strlen)
/home/bruno-laptop/Programs/Ac6/SystemWorkbench/plugins/fr.ac6.mcu.externaltools.arm-none.linux64_1.17.0.201812190825/tools/compiler/bin/../lib/gcc/arm-none-eabi/7.3.1/../../../../arm-none-eabi/lib/thumb/v7-m/libc.a(lib_a-svfprintf.o)
                              /home/bruno-laptop/Programs/Ac6/SystemWorkbench/plugins/fr.ac6.mcu.externaltools.arm-none.linux64_1.17.0.201812190825/tools/compiler/bin/../lib/gcc/arm-none-eabi/7.3.1/../../../../arm-none-eabi/lib/thumb/v7-m/libc.a(lib_a-sprintf.o) (_svfprintf_r)
/home/bruno-laptop/Programs/Ac6/SystemWorkbench/plugins/fr.ac6.mcu.externaltools.arm-none.linux64_1.17.0.201812190825/tools/compiler/bin/../lib/gcc/arm-none-eabi/7.3.1/../../../../arm-none-eabi/lib/thumb/v7-m/libc.a(lib_a-__call_atexit.o)
                              /home/bruno-laptop/Programs/Ac6/SystemWorkbench/plugins/fr.ac6.mcu.externaltools.arm-none.linux64_1.17.0.201812190825/tools/compiler/bin/../lib/gcc/arm-none-eabi/7.3.1/../../../../arm-none-eabi/lib/thumb/v7-m/libc.a(lib_a-exit.o) (__call_exitprocs)
/home/bruno-laptop/Programs/Ac6/SystemWorkbench/plugins/fr.ac6.mcu.externaltools.arm-none.linux64_1.17.0.201812190825/tools/compiler/bin/../lib/gcc/arm-none-eabi/7.3.1/../../../../arm-none-eabi/lib/thumb/v7-m/libc.a(lib_a-atexit.o)
                              /home/bruno-laptop/Programs/Ac6/SystemWorkbench/plugins/fr.ac6.mcu.externaltools.arm-none.linux64_1.17.0.201812190825/tools/compiler/bin/../lib/gcc/arm-none-eabi/7.3.1/../../../../arm-none-eabi/lib/thumb/v7-m/libc.a(lib_a-__call_atexit.o) (atexit)
/home/bruno-laptop/Programs/Ac6/SystemWorkbench/plugins/fr.ac6.mcu.externaltools.arm-none.linux64_1.17.0.201812190825/tools/compiler/bin/../lib/gcc/arm-none-eabi/7.3.1/../../../../arm-none-eabi/lib/thumb/v7-m/libc.a(lib_a-dtoa.o)
                              /home/bruno-laptop/Programs/Ac6/SystemWorkbench/plugins/fr.ac6.mcu.externaltools.arm-none.linux64_1.17.0.201812190825/tools/compiler/bin/../lib/gcc/arm-none-eabi/7.3.1/../../../../arm-none-eabi/lib/thumb/v7-m/libc.a(lib_a-svfprintf.o) (_dtoa_r)
[...]
Memory Configuration

Name             Origin             Length             Attributes
RAM              0x0000000020000000 0x0000000000005000 xrw
ROM              0x0000000008000000 0x0000000000020000 xr
*default*        0x0000000000000000 0xffffffffffffffff

Linker script and memory map

LOAD /home/bruno-laptop/Programs/Ac6/SystemWorkbench/plugins/fr.ac6.mcu.externaltools.arm-none.linux64_1.17.0.201812190825/tools/compiler/bin/../lib/gcc/arm-none-eabi/7.3.1/thumb/v7-m/crti.o
LOAD /home/bruno-laptop/Programs/Ac6/SystemWorkbench/plugins/fr.ac6.mcu.externaltools.arm-none.linux64_1.17.0.201812190825/tools/compiler/bin/../lib/gcc/arm-none-eabi/7.3.1/thumb/v7-m/crtbegin.o
LOAD /home/bruno-laptop/Programs/Ac6/SystemWorkbench/plugins/fr.ac6.mcu.externaltools.arm-none.linux64_1.17.0.201812190825/tools/compiler/bin/../lib/gcc/arm-none-eabi/7.3.1/../../../../arm-none-eabi/lib/thumb/v7-m/crt0.o
LOAD CMSIS/core/core_cm3.o
LOAD StdPeriph_Driver/src/misc.o
LOAD StdPeriph_Driver/src/stm32f10x_adc.o
LOAD StdPeriph_Driver/src/stm32f10x_bkp.o
LOAD StdPeriph_Driver/src/stm32f10x_can.o
LOAD StdPeriph_Driver/src/stm32f10x_cec.o
LOAD StdPeriph_Driver/src/stm32f10x_crc.o
LOAD StdPeriph_Driver/src/stm32f10x_dac.o
LOAD StdPeriph_Driver/src/stm32f10x_dbgmcu.o
LOAD StdPeriph_Driver/src/stm32f10x_dma.o
LOAD StdPeriph_Driver/src/stm32f10x_exti.o
LOAD StdPeriph_Driver/src/stm32f10x_flash.o
LOAD StdPeriph_Driver/src/stm32f10x_fsmc.o
LOAD StdPeriph_Driver/src/stm32f10x_gpio.o
LOAD StdPeriph_Driver/src/stm32f10x_i2c.o
LOAD StdPeriph_Driver/src/stm32f10x_iwdg.o
LOAD StdPeriph_Driver/src/stm32f10x_pwr.o
LOAD StdPeriph_Driver/src/stm32f10x_rcc.o
LOAD StdPeriph_Driver/src/stm32f10x_rtc.o
LOAD StdPeriph_Driver/src/stm32f10x_sdio.o
LOAD StdPeriph_Driver/src/stm32f10x_spi.o
LOAD StdPeriph_Driver/src/stm32f10x_tim.o
LOAD StdPeriph_Driver/src/stm32f10x_usart.o
LOAD StdPeriph_Driver/src/stm32f10x_wwdg.o
LOAD src/Aula_2.o
LOAD src/aula_1.o
LOAD src/aula_5.o
LOAD src/lcd.o
LOAD src/main.o
LOAD src/stm32f10x_it.o
LOAD src/syscalls.o
LOAD startup/startup_stm32.o
LOAD /home/bruno-laptop/Programs/Ac6/SystemWorkbench/plugins/fr.ac6.mcu.externaltools.arm-none.linux64_1.17.0.201812190825/tools/compiler/bin/../lib/gcc/arm-none-eabi/7.3.1/../../../../arm-none-eabi/lib/thumb/v7-m/libm.a
START GROUP
LOAD /home/bruno-laptop/Programs/Ac6/SystemWorkbench/plugins/fr.ac6.mcu.externaltools.arm-none.linux64_1.17.0.201812190825/tools/compiler/bin/../lib/gcc/arm-none-eabi/7.3.1/thumb/v7-m/libgcc.a
LOAD /home/bruno-laptop/Programs/Ac6/SystemWorkbench/plugins/fr.ac6.mcu.externaltools.arm-none.linux64_1.17.0.201812190825/tools/compiler/bin/../lib/gcc/arm-none-eabi/7.3.1/../../../../arm-none-eabi/lib/thumb/v7-m/libc.a
END GROUP
LOAD /home/bruno-laptop/Programs/Ac6/SystemWorkbench/plugins/fr.ac6.mcu.externaltools.arm-none.linux64_1.17.0.201812190825/tools/compiler/bin/../lib/gcc/arm-none-eabi/7.3.1/thumb/v7-m/crtend.o
LOAD /home/bruno-laptop/Programs/Ac6/SystemWorkbench/plugins/fr.ac6.mcu.externaltools.arm-none.linux64_1.17.0.201812190825/tools/compiler/bin/../lib/gcc/arm-none-eabi/7.3.1/thumb/v7-m/crtn.o
                0x0000000020005000                _estack = 0x20005000
                0x0000000000000000                _Min_Heap_Size = 0x0
                0x0000000000000400                _Min_Stack_Size = 0x400

.isr_vector     0x0000000008000000      0x10c
                0x0000000008000000                . = ALIGN (0x4)
 *(.isr_vector)
 .isr_vector    0x0000000008000000      0x10c startup/startup_stm32.o
                0x0000000008000000                g_pfnVectors
                0x000000000800010c                . = ALIGN (0x4)

.text           0x000000000800010c     0x1074
                0x000000000800010c                . = ALIGN (0x4)
 *(.text)
 .text          0x000000000800010c       0x40 /home/bruno-laptop/Programs/Ac6/SystemWorkbench/plugins/fr.ac6.mcu.externaltools.arm-none.linux64_1.17.0.201812190825/tools/compiler/bin/../lib/gcc/arm-none-eabi/7.3.1/thumb/v7-m/crtbegin.o
 *(.text*)
 .text.FLASH_SetLatency
                0x000000000800014c       0x38 StdPeriph_Driver/src/stm32f10x_flash.o
                0x000000000800014c                FLASH_SetLatency
 .text.GPIO_Init
                0x0000000008000184      0x178 StdPeriph_Driver/src/stm32f10x_gpio.o
                0x0000000008000184                GPIO_Init
 .text.GPIO_ReadInputDataBit
                0x00000000080002fc       0x32 StdPeriph_Driver/src/stm32f10x_gpio.o
                0x00000000080002fc                GPIO_ReadInputDataBit
 .text.GPIO_SetBits
                0x000000000800032e       0x1c StdPeriph_Driver/src/stm32f10x_gpio.o
                0x000000000800032e                GPIO_SetBits
 .text.GPIO_ResetBits
                0x000000000800034a       0x1c StdPeriph_Driver/src/stm32f10x_gpio.o
                0x000000000800034a                GPIO_ResetBits
 *fill*         0x0000000008000366        0x2 
 .text.RCC_HSEConfig
                0x0000000008000368       0x5c StdPeriph_Driver/src/stm32f10x_rcc.o
                0x0000000008000368                RCC_HSEConfig
 .text.RCC_WaitForHSEStartUp
                0x00000000080003c4       0x50 StdPeriph_Driver/src/stm32f10x_rcc.o
                0x00000000080003c4                RCC_WaitForHSEStartUp
 .text.RCC_HSICmd
                0x0000000008000414       0x20 StdPeriph_Driver/src/stm32f10x_rcc.o
                0x0000000008000414                RCC_HSICmd
 .text.RCC_PLLConfig
                0x0000000008000434       0x3c StdPeriph_Driver/src/stm32f10x_rcc.o
                0x0000000008000434                RCC_PLLConfig
 .text.RCC_PLLCmd
                0x0000000008000470       0x20 StdPeriph_Driver/src/stm32f10x_rcc.o
                0x0000000008000470                RCC_PLLCmd
 .text.RCC_SYSCLKConfig
                0x0000000008000490       0x38 StdPeriph_Driver/src/stm32f10x_rcc.o
                0x0000000008000490                RCC_SYSCLKConfig
 .text.RCC_GetSYSCLKSource
                0x00000000080004c8       0x1c StdPeriph_Driver/src/stm32f10x_rcc.o
                0x00000000080004c8                RCC_GetSYSCLKSource
 .text.RCC_HCLKConfig
                0x00000000080004e4       0x38 StdPeriph_Driver/src/stm32f10x_rcc.o
                0x00000000080004e4                RCC_HCLKConfig
 .text.RCC_PCLK1Config
                0x000000000800051c       0x38 StdPeriph_Driver/src/stm32f10x_rcc.o
                0x000000000800051c                RCC_PCLK1Config
 .text.RCC_PCLK2Config
                0x0000000008000554       0x38 StdPeriph_Driver/src/stm32f10x_rcc.o
                0x0000000008000554                RCC_PCLK2Config
 .text.RCC_GetClocksFreq
                0x000000000800058c      0x168 StdPeriph_Driver/src/stm32f10x_rcc.o
                0x000000000800058c                RCC_GetClocksFreq
 .text.RCC_APB2PeriphClockCmd
                0x00000000080006f4       0x3c StdPeriph_Driver/src/stm32f10x_rcc.o
                0x00000000080006f4                RCC_APB2PeriphClockCmd
 .text.RCC_APB1PeriphClockCmd
                0x0000000008000730       0x3c StdPeriph_Driver/src/stm32f10x_rcc.o
                0x0000000008000730                RCC_APB1PeriphClockCmd
 .text.RCC_GetFlagStatus
                0x000000000800076c       0x74 StdPeriph_Driver/src/stm32f10x_rcc.o
                0x000000000800076c                RCC_GetFlagStatus
 .text.USART_Init
                0x00000000080007e0      0x174 StdPeriph_Driver/src/stm32f10x_usart.o
                0x00000000080007e0                USART_Init
 .text.USART_Cmd
                0x0000000008000954       0x3e StdPeriph_Driver/src/stm32f10x_usart.o
                0x0000000008000954                USART_Cmd
 .text.USART_SendData
                0x0000000008000992       0x22 StdPeriph_Driver/src/stm32f10x_usart.o
                0x0000000008000992                USART_SendData
 .text.USART_GetFlagStatus
                0x00000000080009b4       0x36 StdPeriph_Driver/src/stm32f10x_usart.o
                0x00000000080009b4                USART_GetFlagStatus
 .text.RCC_Config_HSI_Default
                0x00000000080009ea       0x46 src/Aula_2.o
 .text.RCC_Config_HSI_PLL_Max
                0x0000000008000a30       0x66 src/Aula_2.o
 .text.RCC_Config_HSE_Default
                0x0000000008000a96       0x50 src/Aula_2.o
 .text.RCC_Config_HSE_PLL_Max
                0x0000000008000ae6       0x74 src/Aula_2.o
 .text.RCC_Config_30MHz
                0x0000000008000b5a       0x74 src/Aula_2.o
 *fill*         0x0000000008000bce        0x2 
 .text.aula_2_Init
                0x0000000008000bd0       0x54 src/Aula_2.o
                0x0000000008000bd0                aula_2_Init
 .text.delay    0x0000000008000c24       0x32 src/aula_1.o
 *fill*         0x0000000008000c56        0x2 
 .text.aula_1_Init
                0x0000000008000c58       0x54 src/aula_1.o
                0x0000000008000c58                aula_1_Init
 .text.aula_1_Action
                0x0000000008000cac       0x5c src/aula_1.o
                0x0000000008000cac                aula_1_Action
 .text.aula_5_GPIO_Init
                0x0000000008000d08       0x48 src/aula_5.o
                0x0000000008000d08                aula_5_GPIO_Init
 .text.aula_5_USART_Init
                0x0000000008000d50       0x4c src/aula_5.o
                0x0000000008000d50                aula_5_USART_Init
 .text.aula_5_Send_Hello
                0x0000000008000d9c       0x24 src/aula_5.o
                0x0000000008000d9c                aula_5_Send_Hello
 .text.main     0x0000000008000dc0       0x28 src/main.o
                0x0000000008000dc0                main
 .text.WWDG_IRQHandler
                0x0000000008000de8        0xc src/stm32f10x_it.o
                0x0000000008000de8                WWDG_IRQHandler
 .text.PVD_IRQHandler
                0x0000000008000df4        0xc src/stm32f10x_it.o
                0x0000000008000df4                PVD_IRQHandler
 .text.TAMPER_IRQHandler
                0x0000000008000e00        0xc src/stm32f10x_it.o
                0x0000000008000e00                TAMPER_IRQHandler
 .text.RTC_IRQHandler
                0x0000000008000e0c        0xc src/stm32f10x_it.o
                0x0000000008000e0c                RTC_IRQHandler
 .text.FLASH_IRQHandler
                0x0000000008000e18        0xc src/stm32f10x_it.o
                0x0000000008000e18                FLASH_IRQHandler
 .text.RCC_IRQHandler
                0x0000000008000e24        0xc src/stm32f10x_it.o
                0x0000000008000e24                RCC_IRQHandler
 .text.EXTI0_IRQHandler
                0x0000000008000e30        0xc src/stm32f10x_it.o
                0x0000000008000e30                EXTI0_IRQHandler
 .text.EXTI1_IRQHandler
                0x0000000008000e3c        0xc src/stm32f10x_it.o
                0x0000000008000e3c                EXTI1_IRQHandler
 .text.EXTI2_IRQHandler
                0x0000000008000e48        0xc src/stm32f10x_it.o
                0x0000000008000e48                EXTI2_IRQHandler
 .text.EXTI3_IRQHandler
                0x0000000008000e54        0xc src/stm32f10x_it.o
                0x0000000008000e54                EXTI3_IRQHandler
 .text.EXTI4_IRQHandler
                0x0000000008000e60        0xc src/stm32f10x_it.o
                0x0000000008000e60                EXTI4_IRQHandler
 .text.DMA1_Channel1_IRQHandler
                0x0000000008000e6c        0xc src/stm32f10x_it.o
                0x0000000008000e6c                DMA1_Channel1_IRQHandler
 .text.DMA1_Channel2_IRQHandler
                0x0000000008000e78        0xc src/stm32f10x_it.o
                0x0000000008000e78                DMA1_Channel2_IRQHandler
 .text.DMA1_Channel3_IRQHandler
                0x0000000008000e84        0xc src/stm32f10x_it.o
                0x0000000008000e84                DMA1_Channel3_IRQHandler
 .text.DMA1_Channel4_IRQHandler
                0x0000000008000e90        0xc src/stm32f10x_it.o
                0x0000000008000e90                DMA1_Channel4_IRQHandler
 .text.DMA1_Channel5_IRQHandler
                0x0000000008000e9c        0xc src/stm32f10x_it.o
                0x0000000008000e9c                DMA1_Channel5_IRQHandler
 .text.DMA1_Channel6_IRQHandler
                0x0000000008000ea8        0xc src/stm32f10x_it.o
                0x0000000008000ea8                DMA1_Channel6_IRQHandler
 .text.DMA1_Channel7_IRQHandler
                0x0000000008000eb4        0xc src/stm32f10x_it.o
                0x0000000008000eb4                DMA1_Channel7_IRQHandler
 .text.ADC1_2_IRQHandler
                0x0000000008000ec0        0xc src/stm32f10x_it.o
                0x0000000008000ec0                ADC1_2_IRQHandler
 .text.EXTI9_5_IRQHandler
                0x0000000008000ecc        0xc src/stm32f10x_it.o
                0x0000000008000ecc                EXTI9_5_IRQHandler
 .text.TIM1_BRK_IRQHandler
                0x0000000008000ed8        0xc src/stm32f10x_it.o
                0x0000000008000ed8                TIM1_BRK_IRQHandler
 .text.TIM1_UP_IRQHandler
                0x0000000008000ee4        0xc src/stm32f10x_it.o
                0x0000000008000ee4                TIM1_UP_IRQHandler
 .text.TIM1_TRG_COM_IRQHandler
                0x0000000008000ef0        0xc src/stm32f10x_it.o
                0x0000000008000ef0                TIM1_TRG_COM_IRQHandler
 .text.TIM1_CC_IRQHandler
                0x0000000008000efc        0xc src/stm32f10x_it.o
                0x0000000008000efc                TIM1_CC_IRQHandler
 .text.TIM2_IRQHandler
                0x0000000008000f08        0xc src/stm32f10x_it.o
                0x0000000008000f08                TIM2_IRQHandler
 .text.TIM3_IRQHandler
                0x0000000008000f14        0xc src/stm32f10x_it.o
                0x0000000008000f14                TIM3_IRQHandler
 .text.TIM4_IRQHandler
                0x0000000008000f20        0xc src/stm32f10x_it.o
                0x0000000008000f20                TIM4_IRQHandler
 .text.I2C1_EV_IRQHandler
                0x0000000008000f2c        0xc src/stm32f10x_it.o
                0x0000000008000f2c                I2C1_EV_IRQHandler
 .text.I2C1_ER_IRQHandler
                0x0000000008000f38        0xc src/stm32f10x_it.o
                0x0000000008000f38                I2C1_ER_IRQHandler
 .text.I2C2_EV_IRQHandler
                0x0000000008000f44        0xc src/stm32f10x_it.o
                0x0000000008000f44                I2C2_EV_IRQHandler
 .text.I2C2_ER_IRQHandler
                0x0000000008000f50        0xc src/stm32f10x_it.o
                0x0000000008000f50                I2C2_ER_IRQHandler
 .text.SPI1_IRQHandler
                0x0000000008000f5c        0xc src/stm32f10x_it.o
                0x0000000008000f5c                SPI1_IRQHandler
 .text.SPI2_IRQHandler
                0x0000000008000f68        0xc src/stm32f10x_it.o
                0x0000000008000f68                SPI2_IRQHandler
 .text.USART1_IRQHandler
                0x0000000008000f74        0xc src/stm32f10x_it.o
                0x0000000008000f74                USART1_IRQHandler
 .text.USART2_IRQHandler
                0x0000000008000f80        0xc src/stm32f10x_it.o
                0x0000000008000f80                USART2_IRQHandler
 .text.USART3_IRQHandler
                0x0000000008000f8c        0xc src/stm32f10x_it.o
                0x0000000008000f8c                USART3_IRQHandler
 .text.EXTI15_10_IRQHandler
                0x0000000008000f98        0xc src/stm32f10x_it.o
                0x0000000008000f98                EXTI15_10_IRQHandler
 .text.RTCAlarm_IRQHandler
                0x0000000008000fa4        0xc src/stm32f10x_it.o
                0x0000000008000fa4                RTCAlarm_IRQHandler
 .text.USBWakeUp_IRQHandler
                0x0000000008000fb0        0xc src/stm32f10x_it.o
                0x0000000008000fb0                USBWakeUp_IRQHandler
 .text.Reset_Handler
                0x0000000008000fbc       0x44 startup/startup_stm32.o
                0x0000000008000fbc                Reset_Handler
 .text.Default_Handler
                0x0000000008001000        0x2 startup/startup_stm32.o
                0x0000000008001000                DebugMon_Handler
                0x0000000008001000                HardFault_Handler
                0x0000000008001000                SysTick_Handler
                0x0000000008001000                PendSV_Handler
                0x0000000008001000                NMI_Handler
                0x0000000008001000                UsageFault_Handler
                0x0000000008001000                CAN1_RX1_IRQHandler
                0x0000000008001000                Default_Handler
                0x0000000008001000                MemManage_Handler
                0x0000000008001000                SVC_Handler
                0x0000000008001000                USB_LP_CAN1_RX0_IRQHandler
                0x0000000008001000                USB_HP_CAN1_TX_IRQHandler
                0x0000000008001000                CAN1_SCE_IRQHandler
                0x0000000008001000                BusFault_Handler
 *fill*         0x0000000008001002        0x2 
 .text.__libc_init_array
                0x0000000008001004       0x48 /home/bruno-laptop/Programs/Ac6/SystemWorkbench/plugins/fr.ac6.mcu.externaltools.arm-none.linux64_1.17.0.201812190825/tools/compiler/bin/../lib/gcc/arm-none-eabi/7.3.1/../../../../arm-none-eabi/lib/thumb/v7-m/libc.a(lib_a-init.o)
                0x0000000008001004                __libc_init_array
 .text.startup.register_fini
                0x000000000800104c       0x14 /home/bruno-laptop/Programs/Ac6/SystemWorkbench/plugins/fr.ac6.mcu.externaltools.arm-none.linux64_1.17.0.201812190825/tools/compiler/bin/../lib/gcc/arm-none-eabi/7.3.1/../../../../arm-none-eabi/lib/thumb/v7-m/libc.a(lib_a-__call_atexit.o)
 .text.atexit   0x0000000008001060        0xc /home/bruno-laptop/Programs/Ac6/SystemWorkbench/plugins/fr.ac6.mcu.externaltools.arm-none.linux64_1.17.0.201812190825/tools/compiler/bin/../lib/gcc/arm-none-eabi/7.3.1/../../../../arm-none-eabi/lib/thumb/v7-m/libc.a(lib_a-atexit.o)
                0x0000000008001060                atexit
 .text.__libc_fini_array
                0x000000000800106c       0x34 /home/bruno-laptop/Programs/Ac6/SystemWorkbench/plugins/fr.ac6.mcu.externaltools.arm-none.linux64_1.17.0.201812190825/tools/compiler/bin/../lib/gcc/arm-none-eabi/7.3.1/../../../../arm-none-eabi/lib/thumb/v7-m/libc.a(lib_a-fini.o)
                0x000000000800106c                __libc_fini_array
 .text.__retarget_lock_acquire_recursive
                0x00000000080010a0        0x4 /home/bruno-laptop/Programs/Ac6/SystemWorkbench/plugins/fr.ac6.mcu.externaltools.arm-none.linux64_1.17.0.201812190825/tools/compiler/bin/../lib/gcc/arm-none-eabi/7.3.1/../../../../arm-none-eabi/lib/thumb/v7-m/libc.a(lib_a-lock.o)
                0x00000000080010a0                __retarget_lock_acquire_recursive
 .text.__retarget_lock_release_recursive
                0x00000000080010a4        0x4 /home/bruno-laptop/Programs/Ac6/SystemWorkbench/plugins/fr.ac6.mcu.externaltools.arm-none.linux64_1.17.0.201812190825/tools/compiler/bin/../lib/gcc/arm-none-eabi/7.3.1/../../../../arm-none-eabi/lib/thumb/v7-m/libc.a(lib_a-lock.o)
                0x00000000080010a4                __retarget_lock_release_recursive
 .text.__register_exitproc
                0x00000000080010a8       0xc0 /home/bruno-laptop/Programs/Ac6/SystemWorkbench/plugins/fr.ac6.mcu.externaltools.arm-none.linux64_1.17.0.201812190825/tools/compiler/bin/../lib/gcc/arm-none-eabi/7.3.1/../../../../arm-none-eabi/lib/thumb/v7-m/libc.a(lib_a-__atexit.o)
                0x00000000080010a8                __register_exitproc
 *(.glue_7)
 .glue_7        0x0000000008001168        0x0 linker stubs
 *(.glue_7t)
 .glue_7t       0x0000000008001168        0x0 linker stubs
 *(.eh_frame)
 .eh_frame      0x0000000008001168        0x0 /home/bruno-laptop/Programs/Ac6/SystemWorkbench/plugins/fr.ac6.mcu.externaltools.arm-none.linux64_1.17.0.201812190825/tools/compiler/bin/../lib/gcc/arm-none-eabi/7.3.1/thumb/v7-m/crtbegin.o
 *(.init)
 .init          0x0000000008001168        0x4 /home/bruno-laptop/Programs/Ac6/SystemWorkbench/plugins/fr.ac6.mcu.externaltools.arm-none.linux64_1.17.0.201812190825/tools/compiler/bin/../lib/gcc/arm-none-eabi/7.3.1/thumb/v7-m/crti.o
                0x0000000008001168                _init
 .init          0x000000000800116c        0x8 /home/bruno-laptop/Programs/Ac6/SystemWorkbench/plugins/fr.ac6.mcu.externaltools.arm-none.linux64_1.17.0.201812190825/tools/compiler/bin/../lib/gcc/arm-none-eabi/7.3.1/thumb/v7-m/crtn.o
 *(.fini)
 .fini          0x0000000008001174        0x4 /home/bruno-laptop/Programs/Ac6/SystemWorkbench/plugins/fr.ac6.mcu.externaltools.arm-none.linux64_1.17.0.201812190825/tools/compiler/bin/../lib/gcc/arm-none-eabi/7.3.1/thumb/v7-m/crti.o
                0x0000000008001174                _fini
 .fini          0x0000000008001178        0x8 /home/bruno-laptop/Programs/Ac6/SystemWorkbench/plugins/fr.ac6.mcu.externaltools.arm-none.linux64_1.17.0.201812190825/tools/compiler/bin/../lib/gcc/arm-none-eabi/7.3.1/thumb/v7-m/crtn.o
                0x0000000008001180                . = ALIGN (0x4)
                0x0000000008001180                _etext = .

.vfp11_veneer   0x0000000008001180        0x0
 .vfp11_veneer  0x0000000008001180        0x0 linker stubs

.v4_bx          0x0000000008001180        0x0
 .v4_bx         0x0000000008001180        0x0 linker stubs

.iplt           0x0000000008001180        0x0
 .iplt          0x0000000008001180        0x0 /home/bruno-laptop/Programs/Ac6/SystemWorkbench/plugins/fr.ac6.mcu.externaltools.arm-none.linux64_1.17.0.201812190825/tools/compiler/bin/../lib/gcc/arm-none-eabi/7.3.1/thumb/v7-m/crtbegin.o

.rodata         0x0000000008001180        0x4
                0x0000000008001180                . = ALIGN (0x4)
 *(.rodata)
 *(.rodata*)
 .rodata._global_impure_ptr
                0x0000000008001180        0x4 /home/bruno-laptop/Programs/Ac6/SystemWorkbench/plugins/fr.ac6.mcu.externaltools.arm-none.linux64_1.17.0.201812190825/tools/compiler/bin/../lib/gcc/arm-none-eabi/7.3.1/../../../../arm-none-eabi/lib/thumb/v7-m/libc.a(lib_a-impure.o)
                0x0000000008001180                _global_impure_ptr
                0x0000000008001184                . = ALIGN (0x4)

.rel.dyn        0x0000000008001184        0x0
 .rel.iplt      0x0000000008001184        0x0 /home/bruno-laptop/Programs/Ac6/SystemWorkbench/plugins/fr.ac6.mcu.externaltools.arm-none.linux64_1.17.0.201812190825/tools/compiler/bin/../lib/gcc/arm-none-eabi/7.3.1/thumb/v7-m/crtbegin.o

.ARM.extab      0x0000000008001184        0x0
                0x0000000008001184                . = ALIGN (0x4)
 *(.ARM.extab* .gnu.linkonce.armextab.*)
                0x0000000008001184                . = ALIGN (0x4)

.ARM            0x0000000008001184        0x0
                0x0000000008001184                . = ALIGN (0x4)
                0x0000000008001184                __exidx_start = .
 *(.ARM.exidx*)
                0x0000000008001184                __exidx_end = .
                0x0000000008001184                . = ALIGN (0x4)

.preinit_array  0x0000000008001184        0x0
                0x0000000008001184                . = ALIGN (0x4)
                0x0000000008001184                PROVIDE (__preinit_array_start = .)
 *(.preinit_array*)
                0x0000000008001184                PROVIDE (__preinit_array_end = .)
                0x0000000008001184                . = ALIGN (0x4)

.init_array     0x0000000008001184        0x8
                0x0000000008001184                . = ALIGN (0x4)
                0x0000000008001184                PROVIDE (__init_array_start = .)
 *(SORT_BY_NAME(.init_array.*))
 .init_array.00000
                0x0000000008001184        0x4 /home/bruno-laptop/Programs/Ac6/SystemWorkbench/plugins/fr.ac6.mcu.externaltools.arm-none.linux64_1.17.0.201812190825/tools/compiler/bin/../lib/gcc/arm-none-eabi/7.3.1/../../../../arm-none-eabi/lib/thumb/v7-m/libc.a(lib_a-__call_atexit.o)
 *(.init_array*)
 .init_array    0x0000000008001188        0x4 /home/bruno-laptop/Programs/Ac6/SystemWorkbench/plugins/fr.ac6.mcu.externaltools.arm-none.linux64_1.17.0.201812190825/tools/compiler/bin/../lib/gcc/arm-none-eabi/7.3.1/thumb/v7-m/crtbegin.o
                0x000000000800118c                PROVIDE (__init_array_end = .)
                0x000000000800118c                . = ALIGN (0x4)

.fini_array     0x000000000800118c        0x4
                0x000000000800118c                . = ALIGN (0x4)
                0x000000000800118c                PROVIDE (__fini_array_start = .)
 *(SORT_BY_NAME(.fini_array.*))
 *(.fini_array*)
 .fini_array    0x000000000800118c        0x4 /home/bruno-laptop/Programs/Ac6/SystemWorkbench/plugins/fr.ac6.mcu.externaltools.arm-none.linux64_1.17.0.201812190825/tools/compiler/bin/../lib/gcc/arm-none-eabi/7.3.1/thumb/v7-m/crtbegin.o
                0x0000000008001190                PROVIDE (__fini_array_end = .)
                0x0000000008001190                . = ALIGN (0x4)
                0x0000000008001190                _sidata = LOADADDR (.data)

.data           0x0000000020000000      0x444 load address 0x0000000008001190
                0x0000000020000000                . = ALIGN (0x4)
                0x0000000020000000                _sdata = .
 *(.data)
 .data          0x0000000020000000       0x14 StdPeriph_Driver/src/stm32f10x_rcc.o
 .data          0x0000000020000014        0x4 src/aula_1.o
 *(.data*)
 .data.impure_data
                0x0000000020000018      0x428 /home/bruno-laptop/Programs/Ac6/SystemWorkbench/plugins/fr.ac6.mcu.externaltools.arm-none.linux64_1.17.0.201812190825/tools/compiler/bin/../lib/gcc/arm-none-eabi/7.3.1/../../../../arm-none-eabi/lib/thumb/v7-m/libc.a(lib_a-impure.o)
 .data.__atexit_recursive_mutex
                0x0000000020000440        0x4 /home/bruno-laptop/Programs/Ac6/SystemWorkbench/plugins/fr.ac6.mcu.externaltools.arm-none.linux64_1.17.0.201812190825/tools/compiler/bin/../lib/gcc/arm-none-eabi/7.3.1/../../../../arm-none-eabi/lib/thumb/v7-m/libc.a(lib_a-__call_atexit.o)
                0x0000000020000440                __atexit_recursive_mutex
                0x0000000020000444                . = ALIGN (0x4)
                0x0000000020000444                _edata = .

.igot.plt       0x0000000020000444        0x0 load address 0x00000000080015d4
 .igot.plt      0x0000000020000444        0x0 /home/bruno-laptop/Programs/Ac6/SystemWorkbench/plugins/fr.ac6.mcu.externaltools.arm-none.linux64_1.17.0.201812190825/tools/compiler/bin/../lib/gcc/arm-none-eabi/7.3.1/thumb/v7-m/crtbegin.o
                0x0000000020000444                . = ALIGN (0x4)

.bss            0x0000000020000444       0x40 load address 0x00000000080015d4
                0x0000000020000444                _sbss = .
                0x0000000020000444                __bss_start__ = _sbss
 *(.bss)
 .bss           0x0000000020000444       0x1c /home/bruno-laptop/Programs/Ac6/SystemWorkbench/plugins/fr.ac6.mcu.externaltools.arm-none.linux64_1.17.0.201812190825/tools/compiler/bin/../lib/gcc/arm-none-eabi/7.3.1/thumb/v7-m/crtbegin.o
 *(.bss*)
 *(COMMON)
 COMMON         0x0000000020000460       0x21 /home/bruno-laptop/Programs/Ac6/SystemWorkbench/plugins/fr.ac6.mcu.externaltools.arm-none.linux64_1.17.0.201812190825/tools/compiler/bin/../lib/gcc/arm-none-eabi/7.3.1/../../../../arm-none-eabi/lib/thumb/v7-m/libc.a(lib_a-lock.o)
                0x0000000020000460                __lock___atexit_recursive_mutex
                0x0000000020000464                __lock___arc4random_mutex
                0x0000000020000468                __lock___env_recursive_mutex
                0x000000002000046c                __lock___sinit_recursive_mutex
                0x0000000020000470                __lock___malloc_recursive_mutex
                0x0000000020000474                __lock___at_quick_exit_mutex
                0x0000000020000478                __lock___dd_hash_mutex
                0x000000002000047c                __lock___tz_mutex
                0x0000000020000480                __lock___sfp_recursive_mutex
                0x0000000020000484                . = ALIGN (0x4)
 *fill*         0x0000000020000481        0x3 
                0x0000000020000484                _ebss = .
                0x0000000020000484                __bss_end__ = _ebss

._user_heap_stack
                0x0000000020000484      0x404 load address 0x00000000080015d4
                0x0000000020000488                . = ALIGN (0x8)
 *fill*         0x0000000020000484        0x4 
                0x0000000020000488                PROVIDE (end = .)
                [!provide]                        PROVIDE (_end = .)
                0x0000000020000488                . = (. + _Min_Heap_Size)
                0x0000000020000888                . = (. + _Min_Stack_Size)
 *fill*         0x0000000020000488      0x400 
                0x0000000020000888                . = ALIGN (0x8)

/DISCARD/
 libc.a(*)
 libm.a(*)
 libgcc.a(*)

.ARM.attributes
                0x0000000000000000       0x29
 *(.ARM.attributes)
 .ARM.attributes
                0x0000000000000000       0x1d /home/bruno-laptop/Programs/Ac6/SystemWorkbench/plugins/fr.ac6.mcu.externaltools.arm-none.linux64_1.17.0.201812190825/tools/compiler/bin/../lib/gcc/arm-none-eabi/7.3.1/thumb/v7-m/crti.o
 .ARM.attributes
                0x000000000000001d       0x2d /home/bruno-laptop/Programs/Ac6/SystemWorkbench/plugins/fr.ac6.mcu.externaltools.arm-none.linux64_1.17.0.201812190825/tools/compiler/bin/../lib/gcc/arm-none-eabi/7.3.1/thumb/v7-m/crtbegin.o
 .ARM.attributes
                0x000000000000004a       0x33 StdPeriph_Driver/src/stm32f10x_flash.o
 .ARM.attributes
                0x000000000000007d       0x33 StdPeriph_Driver/src/stm32f10x_gpio.o
 .ARM.attributes
                0x00000000000000b0       0x33 StdPeriph_Driver/src/stm32f10x_rcc.o
 .ARM.attributes
                0x00000000000000e3       0x33 StdPeriph_Driver/src/stm32f10x_usart.o
 .ARM.attributes
                0x0000000000000116       0x33 src/Aula_2.o
 .ARM.attributes
                0x0000000000000149       0x33 src/aula_1.o
 .ARM.attributes
                0x000000000000017c       0x33 src/aula_5.o
 .ARM.attributes
                0x00000000000001af       0x33 src/main.o
 .ARM.attributes
                0x00000000000001e2       0x33 src/stm32f10x_it.o
 .ARM.attributes
                0x0000000000000215       0x21 startup/startup_stm32.o
 .ARM.attributes
                0x0000000000000236       0x2d /home/bruno-laptop/Programs/Ac6/SystemWorkbench/plugins/fr.ac6.mcu.externaltools.arm-none.linux64_1.17.0.201812190825/tools/compiler/bin/../lib/gcc/arm-none-eabi/7.3.1/../../../../arm-none-eabi/lib/thumb/v7-m/libc.a(lib_a-impure.o)
 .ARM.attributes
                0x0000000000000263       0x2d /home/bruno-laptop/Programs/Ac6/SystemWorkbench/plugins/fr.ac6.mcu.externaltools.arm-none.linux64_1.17.0.201812190825/tools/compiler/bin/../lib/gcc/arm-none-eabi/7.3.1/../../../../arm-none-eabi/lib/thumb/v7-m/libc.a(lib_a-init.o)
 .ARM.attributes
                0x0000000000000290       0x2d /home/bruno-laptop/Programs/Ac6/SystemWorkbench/plugins/fr.ac6.mcu.externaltools.arm-none.linux64_1.17.0.201812190825/tools/compiler/bin/../lib/gcc/arm-none-eabi/7.3.1/../../../../arm-none-eabi/lib/thumb/v7-m/libc.a(lib_a-__call_atexit.o)
 .ARM.attributes
                0x00000000000002bd       0x2d /home/bruno-laptop/Programs/Ac6/SystemWorkbench/plugins/fr.ac6.mcu.externaltools.arm-none.linux64_1.17.0.201812190825/tools/compiler/bin/../lib/gcc/arm-none-eabi/7.3.1/../../../../arm-none-eabi/lib/thumb/v7-m/libc.a(lib_a-atexit.o)
 .ARM.attributes
                0x00000000000002ea       0x2d /home/bruno-laptop/Programs/Ac6/SystemWorkbench/plugins/fr.ac6.mcu.externaltools.arm-none.linux64_1.17.0.201812190825/tools/compiler/bin/../lib/gcc/arm-none-eabi/7.3.1/../../../../arm-none-eabi/lib/thumb/v7-m/libc.a(lib_a-fini.o)
 .ARM.attributes
                0x0000000000000317       0x2d /home/bruno-laptop/Programs/Ac6/SystemWorkbench/plugins/fr.ac6.mcu.externaltools.arm-none.linux64_1.17.0.201812190825/tools/compiler/bin/../lib/gcc/arm-none-eabi/7.3.1/../../../../arm-none-eabi/lib/thumb/v7-m/libc.a(lib_a-lock.o)
 .ARM.attributes
                0x0000000000000344       0x2d /home/bruno-laptop/Programs/Ac6/SystemWorkbench/plugins/fr.ac6.mcu.externaltools.arm-none.linux64_1.17.0.201812190825/tools/compiler/bin/../lib/gcc/arm-none-eabi/7.3.1/../../../../arm-none-eabi/lib/thumb/v7-m/libc.a(lib_a-__atexit.o)
 .ARM.attributes
                0x0000000000000371       0x1d /home/bruno-laptop/Programs/Ac6/SystemWorkbench/plugins/fr.ac6.mcu.externaltools.arm-none.linux64_1.17.0.201812190825/tools/compiler/bin/../lib/gcc/arm-none-eabi/7.3.1/thumb/v7-m/crtn.o
OUTPUT(3SO.elf elf32-littlearm)

.debug_info     0x0000000000000000     0x2f05
 .debug_info    0x0000000000000000      0x7b2 StdPeriph_Driver/src/stm32f10x_flash.o
 .debug_info    0x00000000000007b2      0x6ec StdPeriph_Driver/src/stm32f10x_gpio.o
 .debug_info    0x0000000000000e9e      0x89c StdPeriph_Driver/src/stm32f10x_rcc.o
 .debug_info    0x000000000000173a      0x9e4 StdPeriph_Driver/src/stm32f10x_usart.o
 .debug_info    0x000000000000211e      0x215 src/Aula_2.o
 .debug_info    0x0000000000002333      0x292 src/aula_1.o
 .debug_info    0x00000000000025c5      0x3e6 src/aula_5.o
 .debug_info    0x00000000000029ab      0x103 src/main.o
 .debug_info    0x0000000000002aae      0x435 src/stm32f10x_it.o
 .debug_info    0x0000000000002ee3       0x22 startup/startup_stm32.o

.debug_abbrev   0x0000000000000000      0xc0a
 .debug_abbrev  0x0000000000000000      0x1a7 StdPeriph_Driver/src/stm32f10x_flash.o
 .debug_abbrev  0x00000000000001a7      0x1e4 StdPeriph_Driver/src/stm32f10x_gpio.o
 .debug_abbrev  0x000000000000038b      0x1d4 StdPeriph_Driver/src/stm32f10x_rcc.o
 .debug_abbrev  0x000000000000055f      0x194 StdPeriph_Driver/src/stm32f10x_usart.o
 .debug_abbrev  0x00000000000006f3      0x11b src/Aula_2.o
 .debug_abbrev  0x000000000000080e      0x148 src/aula_1.o
 .debug_abbrev  0x0000000000000956      0x169 src/aula_5.o
 .debug_abbrev  0x0000000000000abf       0xa6 src/main.o
 .debug_abbrev  0x0000000000000b65       0x93 src/stm32f10x_it.o
 .debug_abbrev  0x0000000000000bf8       0x12 startup/startup_stm32.o

.debug_aranges  0x0000000000000000      0x668
 .debug_aranges
                0x0000000000000000       0xf8 StdPeriph_Driver/src/stm32f10x_flash.o
 .debug_aranges
                0x00000000000000f8       0xa8 StdPeriph_Driver/src/stm32f10x_gpio.o
 .debug_aranges
                0x00000000000001a0      0x118 StdPeriph_Driver/src/stm32f10x_rcc.o
 .debug_aranges
                0x00000000000002b8      0x100 StdPeriph_Driver/src/stm32f10x_usart.o
 .debug_aranges
                0x00000000000003b8       0x48 src/Aula_2.o
 .debug_aranges
                0x0000000000000400       0x30 src/aula_1.o
 .debug_aranges
                0x0000000000000430       0x38 src/aula_5.o
 .debug_aranges
                0x0000000000000468       0x20 src/main.o
 .debug_aranges
                0x0000000000000488      0x1b8 src/stm32f10x_it.o
 .debug_aranges
                0x0000000000000640       0x28 startup/startup_stm32.o

.debug_ranges   0x0000000000000000      0x5d0
 .debug_ranges  0x0000000000000000       0xe8 StdPeriph_Driver/src/stm32f10x_flash.o
 .debug_ranges  0x00000000000000e8       0x98 StdPeriph_Driver/src/stm32f10x_gpio.o
 .debug_ranges  0x0000000000000180      0x108 StdPeriph_Driver/src/stm32f10x_rcc.o
 .debug_ranges  0x0000000000000288       0xf0 StdPeriph_Driver/src/stm32f10x_usart.o
 .debug_ranges  0x0000000000000378       0x38 src/Aula_2.o
 .debug_ranges  0x00000000000003b0       0x20 src/aula_1.o
 .debug_ranges  0x00000000000003d0       0x28 src/aula_5.o
 .debug_ranges  0x00000000000003f8       0x10 src/main.o
 .debug_ranges  0x0000000000000408      0x1a8 src/stm32f10x_it.o
 .debug_ranges  0x00000000000005b0       0x20 startup/startup_stm32.o

.debug_macro    0x0000000000000000     0x1bf2
 .debug_macro   0x0000000000000000      0x22d StdPeriph_Driver/src/stm32f10x_flash.o
 .debug_macro   0x000000000000022d      0x2c9 StdPeriph_Driver/src/stm32f10x_flash.o
 .debug_macro   0x00000000000004f6      0x1d7 StdPeriph_Driver/src/stm32f10x_gpio.o
 .debug_macro   0x00000000000006cd      0x2a6 StdPeriph_Driver/src/stm32f10x_gpio.o
 .debug_macro   0x0000000000000973      0x2a1 StdPeriph_Driver/src/stm32f10x_rcc.o
 .debug_macro   0x0000000000000c14      0x3dc StdPeriph_Driver/src/stm32f10x_rcc.o
 .debug_macro   0x0000000000000ff0      0x23d StdPeriph_Driver/src/stm32f10x_usart.o
 .debug_macro   0x000000000000122d      0x21a StdPeriph_Driver/src/stm32f10x_usart.o
 .debug_macro   0x0000000000001447      0x189 src/Aula_2.o
 .debug_macro   0x00000000000015d0      0x18b src/aula_1.o
 .debug_macro   0x000000000000175b      0x18b src/aula_5.o
 .debug_macro   0x00000000000018e6      0x187 src/main.o
 .debug_macro   0x0000000000001a6d      0x185 src/stm32f10x_it.o

.debug_line     0x0000000000000000     0x45af
 .debug_line    0x0000000000000000      0x8cb StdPeriph_Driver/src/stm32f10x_flash.o
 .debug_line    0x00000000000008cb      0x7d0 StdPeriph_Driver/src/stm32f10x_gpio.o
 .debug_line    0x000000000000109b      0x8cc StdPeriph_Driver/src/stm32f10x_rcc.o
 .debug_line    0x0000000000001967      0x89e StdPeriph_Driver/src/stm32f10x_usart.o
 .debug_line    0x0000000000002205      0x70a src/Aula_2.o
 .debug_line    0x000000000000290f      0x61d src/aula_1.o
 .debug_line    0x0000000000002f2c      0x638 src/aula_5.o
 .debug_line    0x0000000000003564      0x641 src/main.o
 .debug_line    0x0000000000003ba5      0x994 src/stm32f10x_it.o
 .debug_line    0x0000000000004539       0x76 startup/startup_stm32.o

.debug_str      0x0000000000000000    0x4f808
 .debug_str     0x0000000000000000    0x4d884 StdPeriph_Driver/src/stm32f10x_flash.o
                                      0x4da23 (size before relaxing)
 .debug_str     0x000000000004d884      0x5a4 StdPeriph_Driver/src/stm32f10x_gpio.o
                                      0x4d7b1 (size before relaxing)
 .debug_str     0x000000000004de28      0xb59 StdPeriph_Driver/src/stm32f10x_rcc.o
                                      0x4dd97 (size before relaxing)
 .debug_str     0x000000000004e981      0x821 StdPeriph_Driver/src/stm32f10x_usart.o
                                      0x4dac1 (size before relaxing)
 .debug_str     0x000000000004f1a2       0xff src/Aula_2.o
                                      0x4d2fc (size before relaxing)
 .debug_str     0x000000000004f2a1       0x9f src/aula_1.o
                                      0x4d383 (size before relaxing)
 .debug_str     0x000000000004f340       0x85 src/aula_5.o
                                      0x4d46c (size before relaxing)
 .debug_str     0x000000000004f3c5       0x26 src/main.o
                                      0x4d224 (size before relaxing)
 .debug_str     0x000000000004f3eb      0x3f4 src/stm32f10x_it.o
                                      0x4d598 (size before relaxing)
 .debug_str     0x000000000004f7df       0x29 startup/startup_stm32.o
                                         0x5a (size before relaxing)

.comment        0x0000000000000000       0x7f
 .comment       0x0000000000000000       0x7f StdPeriph_Driver/src/stm32f10x_flash.o
                                         0x80 (size before relaxing)
 .comment       0x000000000000007f       0x80 StdPeriph_Driver/src/stm32f10x_gpio.o
 .comment       0x000000000000007f       0x80 StdPeriph_Driver/src/stm32f10x_rcc.o
 .comment       0x000000000000007f       0x80 StdPeriph_Driver/src/stm32f10x_usart.o
 .comment       0x000000000000007f       0x80 src/Aula_2.o
 .comment       0x000000000000007f       0x80 src/aula_1.o
 .comment       0x000000000000007f       0x80 src/aula_5.o
 .comment       0x000000000000007f       0x80 src/main.o
 .comment       0x000000000000007f       0x80 src/stm32f10x_it.o

.debug_frame    0x0000000000000000     0x1ab0
 .debug_frame   0x0000000000000000      0x410 StdPeriph_Driver/src/stm32f10x_flash.o
 .debug_frame   0x0000000000000410      0x2d0 StdPeriph_Driver/src/stm32f10x_gpio.o
 .debug_frame   0x00000000000006e0      0x4f4 StdPeriph_Driver/src/stm32f10x_rcc.o
 .debug_frame   0x0000000000000bd4      0x490 StdPeriph_Driver/src/stm32f10x_usart.o
 .debug_frame   0x0000000000001064       0xd8 src/Aula_2.o
 .debug_frame   0x000000000000113c       0x78 src/aula_1.o
 .debug_frame   0x00000000000011b4       0x9c src/aula_5.o
 .debug_frame   0x0000000000001250       0x30 src/main.o
 .debug_frame   0x0000000000001280      0x670 src/stm32f10x_it.o
 .debug_frame   0x00000000000018f0       0x2c /home/bruno-laptop/Programs/Ac6/SystemWorkbench/plugins/fr.ac6.mcu.externaltools.arm-none.linux64_1.17.0.201812190825/tools/compiler/bin/../lib/gcc/arm-none-eabi/7.3.1/../../../../arm-none-eabi/lib/thumb/v7-m/libc.a(lib_a-init.o)
 .debug_frame   0x000000000000191c       0x5c /home/bruno-laptop/Programs/Ac6/SystemWorkbench/plugins/fr.ac6.mcu.externaltools.arm-none.linux64_1.17.0.201812190825/tools/compiler/bin/../lib/gcc/arm-none-eabi/7.3.1/../../../../arm-none-eabi/lib/thumb/v7-m/libc.a(lib_a-__call_atexit.o)
 .debug_frame   0x0000000000001978       0x20 /home/bruno-laptop/Programs/Ac6/SystemWorkbench/plugins/fr.ac6.mcu.externaltools.arm-none.linux64_1.17.0.201812190825/tools/compiler/bin/../lib/gcc/arm-none-eabi/7.3.1/../../../../arm-none-eabi/lib/thumb/v7-m/libc.a(lib_a-atexit.o)
 .debug_frame   0x0000000000001998       0x34 /home/bruno-laptop/Programs/Ac6/SystemWorkbench/plugins/fr.ac6.mcu.externaltools.arm-none.linux64_1.17.0.201812190825/tools/compiler/bin/../lib/gcc/arm-none-eabi/7.3.1/../../../../arm-none-eabi/lib/thumb/v7-m/libc.a(lib_a-fini.o)
 .debug_frame   0x00000000000019cc       0xb0 /home/bruno-laptop/Programs/Ac6/SystemWorkbench/plugins/fr.ac6.mcu.externaltools.arm-none.linux64_1.17.0.201812190825/tools/compiler/bin/../lib/gcc/arm-none-eabi/7.3.1/../../../../arm-none-eabi/lib/thumb/v7-m/libc.a(lib_a-lock.o)
 .debug_frame   0x0000000000001a7c       0x34 /home/bruno-laptop/Programs/Ac6/SystemWorkbench/plugins/fr.ac6.mcu.externaltools.arm-none.linux64_1.17.0.201812190825/tools/compiler/bin/../lib/gcc/arm-none-eabi/7.3.1/../../../../arm-none-eabi/lib/thumb/v7-m/libc.a(lib_a-__atexit.o)
