Archive member included to satisfy reference by file (symbol)

/home/bruno-laptop/Programs/Ac6/SystemWorkbench/plugins/fr.ac6.mcu.externaltools.arm-none.linux64_1.17.0.201812190825/tools/compiler/bin/../lib/gcc/arm-none-eabi/7.3.1/../../../../arm-none-eabi/lib/thumb/v7-m/libc.a(lib_a-errno.o)
                              src/syscalls.o (__errno)
/home/bruno-laptop/Programs/Ac6/SystemWorkbench/plugins/fr.ac6.mcu.externaltools.arm-none.linux64_1.17.0.201812190825/tools/compiler/bin/../lib/gcc/arm-none-eabi/7.3.1/../../../../arm-none-eabi/lib/thumb/v7-m/libc.a(lib_a-exit.o)
                              /home/bruno-laptop/Programs/Ac6/SystemWorkbench/plugins/fr.ac6.mcu.externaltools.arm-none.linux64_1.17.0.201812190825/tools/compiler/bin/../lib/gcc/arm-none-eabi/7.3.1/../../../../arm-none-eabi/lib/thumb/v7-m/crt0.o (exit)
/home/bruno-laptop/Programs/Ac6/SystemWorkbench/plugins/fr.ac6.mcu.externaltools.arm-none.linux64_1.17.0.201812190825/tools/compiler/bin/../lib/gcc/arm-none-eabi/7.3.1/../../../../arm-none-eabi/lib/thumb/v7-m/libc.a(lib_a-impure.o)
                              /home/bruno-laptop/Programs/Ac6/SystemWorkbench/plugins/fr.ac6.mcu.externaltools.arm-none.linux64_1.17.0.201812190825/tools/compiler/bin/../lib/gcc/arm-none-eabi/7.3.1/../../../../arm-none-eabi/lib/thumb/v7-m/libc.a(lib_a-exit.o) (_global_impure_ptr)
/home/bruno-laptop/Programs/Ac6/SystemWorkbench/plugins/fr.ac6.mcu.externaltools.arm-none.linux64_1.17.0.201812190825/tools/compiler/bin/../lib/gcc/arm-none-eabi/7.3.1/../../../../arm-none-eabi/lib/thumb/v7-m/libc.a(lib_a-init.o)
                              /home/bruno-laptop/Programs/Ac6/SystemWorkbench/plugins/fr.ac6.mcu.externaltools.arm-none.linux64_1.17.0.201812190825/tools/compiler/bin/../lib/gcc/arm-none-eabi/7.3.1/../../../../arm-none-eabi/lib/thumb/v7-m/crt0.o (__libc_init_array)
/home/bruno-laptop/Programs/Ac6/SystemWorkbench/plugins/fr.ac6.mcu.externaltools.arm-none.linux64_1.17.0.201812190825/tools/compiler/bin/../lib/gcc/arm-none-eabi/7.3.1/../../../../arm-none-eabi/lib/thumb/v7-m/libc.a(lib_a-memset.o)
                              /home/bruno-laptop/Programs/Ac6/SystemWorkbench/plugins/fr.ac6.mcu.externaltools.arm-none.linux64_1.17.0.201812190825/tools/compiler/bin/../lib/gcc/arm-none-eabi/7.3.1/../../../../arm-none-eabi/lib/thumb/v7-m/crt0.o (memset)
/home/bruno-laptop/Programs/Ac6/SystemWorkbench/plugins/fr.ac6.mcu.externaltools.arm-none.linux64_1.17.0.201812190825/tools/compiler/bin/../lib/gcc/arm-none-eabi/7.3.1/../../../../arm-none-eabi/lib/thumb/v7-m/libc.a(lib_a-sprintf.o)
                              src/lcd.o (sprintf)
/home/bruno-laptop/Programs/Ac6/SystemWorkbench/plugins/fr.ac6.mcu.externaltools.arm-none.linux64_1.17.0.201812190825/tools/compiler/bin/../lib/gcc/arm-none-eabi/7.3.1/../../../../arm-none-eabi/lib/thumb/v7-m/libc.a(lib_a-strlen-stub.o)
                              src/lcd.o (strlen)
/home/bruno-laptop/Programs/Ac6/SystemWorkbench/plugins/fr.ac6.mcu.externaltools.arm-none.linux64_1.17.0.201812190825/tools/compiler/bin/../lib/gcc/arm-none-eabi/7.3.1/../../../../arm-none-eabi/lib/thumb/v7-m/libc.a(lib_a-svfprintf.o)
                              /home/bruno-laptop/Programs/Ac6/SystemWorkbench/plugins/fr.ac6.mcu.externaltools.arm-none.linux64_1.17.0.201812190825/tools/compiler/bin/../lib/gcc/arm-none-eabi/7.3.1/../../../../arm-none-eabi/lib/thumb/v7-m/libc.a(lib_a-sprintf.o) (_svfprintf_r)
/home/bruno-laptop/Programs/Ac6/SystemWorkbench/plugins/fr.ac6.mcu.externaltools.arm-none.linux64_1.17.0.201812190825/tools/compiler/bin/../lib/gcc/arm-none-eabi/7.3.1/../../../../arm-none-eabi/lib/thumb/v7-m/libc.a(lib_a-__call_atexit.o)
                              /home/bruno-laptop/Programs/Ac6/SystemWorkbench/plugins/fr.ac6.mcu.externaltools.arm-none.linux64_1.17.0.201812190825/tools/compiler/bin/../lib/gcc/arm-none-eabi/7.3.1/../../../../arm-none-eabi/lib/thumb/v7-m/libc.a(lib_a-exit.o) (__call_exitprocs)
/home/bruno-laptop/Programs/Ac6/SystemWorkbench/plugins/fr.ac6.mcu.externaltools.arm-none.linux64_1.17.0.201812190825/tools/compiler/bin/../lib/gcc/arm-none-eabi/7.3.1/../../../../arm-none-eabi/lib/thumb/v7-m/libc.a(lib_a-atexit.o)
                              /home/bruno-laptop/Programs/Ac6/SystemWorkbench/plugins/fr.ac6.mcu.externaltools.arm-none.linux64_1.17.0.201812190825/tools/compiler/bin/../lib/gcc/arm-none-eabi/7.3.1/../../../../arm-none-eabi/lib/thumb/v7-m/libc.a(lib_a-__call_atexit.o) (atexit)
/home/bruno-laptop/Programs/Ac6/SystemWorkbench/plugins/fr.ac6.mcu.externaltools.arm-none.linux64_1.17.0.201812190825/tools/compiler/bin/../lib/gcc/arm-none-eabi/7.3.1/../../../../arm-none-eabi/lib/thumb/v7-m/libc.a(lib_a-dtoa.o)
                              /home/bruno-laptop/Programs/Ac6/SystemWorkbench/plugins/fr.ac6.mcu.externaltools.arm-none.linux64_1.17.0.201812190825/tools/compiler/bin/../lib/gcc/arm-none-eabi/7.3.1/../../../../arm-none-eabi/lib/thumb/v7-m/libc.a(lib_a-svfprintf.o) (_dtoa_r)
[...]
Memory Configuration

Name             Origin             Length             Attributes
RAM              0x0000000020000000 0x0000000000005000 xrw
ROM              0x0000000008000000 0x0000000000020000 xr
*default*        0x0000000000000000 0xffffffffffffffff

Linker script and memory map

LOAD /home/bruno-laptop/Programs/Ac6/SystemWorkbench/plugins/fr.ac6.mcu.externaltools.arm-none.linux64_1.17.0.201812190825/tools/compiler/bin/../lib/gcc/arm-none-eabi/7.3.1/thumb/v7-m/crti.o
LOAD /home/bruno-laptop/Programs/Ac6/SystemWorkbench/plugins/fr.ac6.mcu.externaltools.arm-none.linux64_1.17.0.201812190825/tools/compiler/bin/../lib/gcc/arm-none-eabi/7.3.1/thumb/v7-m/crtbegin.o
LOAD /home/bruno-laptop/Programs/Ac6/SystemWorkbench/plugins/fr.ac6.mcu.externaltools.arm-none.linux64_1.17.0.201812190825/tools/compiler/bin/../lib/gcc/arm-none-eabi/7.3.1/../../../../arm-none-eabi/lib/thumb/v7-m/crt0.o
LOAD CMSIS/core/core_cm3.o
LOAD StdPeriph_Driver/src/misc.o
LOAD StdPeriph_Driver/src/stm32f10x_adc.o
LOAD StdPeriph_Driver/src/stm32f10x_bkp.o
LOAD StdPeriph_Driver/src/stm32f10x_can.o
LOAD StdPeriph_Driver/src/stm32f10x_cec.o
LOAD StdPeriph_Driver/src/stm32f10x_crc.o
LOAD StdPeriph_Driver/src/stm32f10x_dac.o
LOAD StdPeriph_Driver/src/stm32f10x_dbgmcu.o
LOAD StdPeriph_Driver/src/stm32f10x_dma.o
LOAD StdPeriph_Driver/src/stm32f10x_exti.o
LOAD StdPeriph_Driver/src/stm32f10x_flash.o
LOAD StdPeriph_Driver/src/stm32f10x_fsmc.o
LOAD StdPeriph_Driver/src/stm32f10x_gpio.o
LOAD StdPeriph_Driver/src/stm32f10x_i2c.o
LOAD StdPeriph_Driver/src/stm32f10x_iwdg.o
LOAD StdPeriph_Driver/src/stm32f10x_pwr.o
LOAD StdPeriph_Driver/src/stm32f10x_rcc.o
LOAD StdPeriph_Driver/src/stm32f10x_rtc.o
LOAD StdPeriph_Driver/src/stm32f10x_sdio.o
LOAD StdPeriph_Driver/src/stm32f10x_spi.o
LOAD StdPeriph_Driver/src/stm32f10x_tim.o
LOAD StdPeriph_Driver/src/stm32f10x_usart.o
LOAD StdPeriph_Driver/src/stm32f10x_wwdg.o
LOAD src/Aula_2.o
LOAD src/PC_Comm.o
LOAD src/USART.o
LOAD src/aula_1.o
LOAD src/lcd.o
LOAD src/main.o
LOAD src/stm32f10x_it.o
LOAD src/syscalls.o
LOAD startup/startup_stm32.o
LOAD /home/bruno-laptop/Programs/Ac6/SystemWorkbench/plugins/fr.ac6.mcu.externaltools.arm-none.linux64_1.17.0.201812190825/tools/compiler/bin/../lib/gcc/arm-none-eabi/7.3.1/../../../../arm-none-eabi/lib/thumb/v7-m/libm.a
START GROUP
LOAD /home/bruno-laptop/Programs/Ac6/SystemWorkbench/plugins/fr.ac6.mcu.externaltools.arm-none.linux64_1.17.0.201812190825/tools/compiler/bin/../lib/gcc/arm-none-eabi/7.3.1/thumb/v7-m/libgcc.a
LOAD /home/bruno-laptop/Programs/Ac6/SystemWorkbench/plugins/fr.ac6.mcu.externaltools.arm-none.linux64_1.17.0.201812190825/tools/compiler/bin/../lib/gcc/arm-none-eabi/7.3.1/../../../../arm-none-eabi/lib/thumb/v7-m/libc.a
END GROUP
LOAD /home/bruno-laptop/Programs/Ac6/SystemWorkbench/plugins/fr.ac6.mcu.externaltools.arm-none.linux64_1.17.0.201812190825/tools/compiler/bin/../lib/gcc/arm-none-eabi/7.3.1/thumb/v7-m/crtend.o
LOAD /home/bruno-laptop/Programs/Ac6/SystemWorkbench/plugins/fr.ac6.mcu.externaltools.arm-none.linux64_1.17.0.201812190825/tools/compiler/bin/../lib/gcc/arm-none-eabi/7.3.1/thumb/v7-m/crtn.o
                0x0000000020005000                _estack = 0x20005000
                0x0000000000000000                _Min_Heap_Size = 0x0
                0x0000000000000400                _Min_Stack_Size = 0x400

.isr_vector     0x0000000008000000      0x10c
                0x0000000008000000                . = ALIGN (0x4)
 *(.isr_vector)
 .isr_vector    0x0000000008000000      0x10c startup/startup_stm32.o
                0x0000000008000000                g_pfnVectors
                0x000000000800010c                . = ALIGN (0x4)

.text           0x000000000800010c     0x1390
                0x000000000800010c                . = ALIGN (0x4)
 *(.text)
 .text          0x000000000800010c       0x40 /home/bruno-laptop/Programs/Ac6/SystemWorkbench/plugins/fr.ac6.mcu.externaltools.arm-none.linux64_1.17.0.201812190825/tools/compiler/bin/../lib/gcc/arm-none-eabi/7.3.1/thumb/v7-m/crtbegin.o
 *(.text*)
 .text.FLASH_SetLatency
                0x000000000800014c       0x38 StdPeriph_Driver/src/stm32f10x_flash.o
                0x000000000800014c                FLASH_SetLatency
 .text.GPIO_Init
                0x0000000008000184      0x178 StdPeriph_Driver/src/stm32f10x_gpio.o
                0x0000000008000184                GPIO_Init
 .text.RCC_HSEConfig
                0x00000000080002fc       0x5c StdPeriph_Driver/src/stm32f10x_rcc.o
                0x00000000080002fc                RCC_HSEConfig
 .text.RCC_WaitForHSEStartUp
                0x0000000008000358       0x50 StdPeriph_Driver/src/stm32f10x_rcc.o
                0x0000000008000358                RCC_WaitForHSEStartUp
 .text.RCC_HSICmd
                0x00000000080003a8       0x20 StdPeriph_Driver/src/stm32f10x_rcc.o
                0x00000000080003a8                RCC_HSICmd
 .text.RCC_PLLConfig
                0x00000000080003c8       0x3c StdPeriph_Driver/src/stm32f10x_rcc.o
                0x00000000080003c8                RCC_PLLConfig
 .text.RCC_PLLCmd
                0x0000000008000404       0x20 StdPeriph_Driver/src/stm32f10x_rcc.o
                0x0000000008000404                RCC_PLLCmd
 .text.RCC_SYSCLKConfig
                0x0000000008000424       0x38 StdPeriph_Driver/src/stm32f10x_rcc.o
                0x0000000008000424                RCC_SYSCLKConfig
 .text.RCC_GetSYSCLKSource
                0x000000000800045c       0x1c StdPeriph_Driver/src/stm32f10x_rcc.o
                0x000000000800045c                RCC_GetSYSCLKSource
 .text.RCC_HCLKConfig
                0x0000000008000478       0x38 StdPeriph_Driver/src/stm32f10x_rcc.o
                0x0000000008000478                RCC_HCLKConfig
 .text.RCC_PCLK1Config
                0x00000000080004b0       0x38 StdPeriph_Driver/src/stm32f10x_rcc.o
                0x00000000080004b0                RCC_PCLK1Config
 .text.RCC_PCLK2Config
                0x00000000080004e8       0x38 StdPeriph_Driver/src/stm32f10x_rcc.o
                0x00000000080004e8                RCC_PCLK2Config
 .text.RCC_GetClocksFreq
                0x0000000008000520      0x168 StdPeriph_Driver/src/stm32f10x_rcc.o
                0x0000000008000520                RCC_GetClocksFreq
 .text.RCC_APB2PeriphClockCmd
                0x0000000008000688       0x3c StdPeriph_Driver/src/stm32f10x_rcc.o
                0x0000000008000688                RCC_APB2PeriphClockCmd
 .text.RCC_APB1PeriphClockCmd
                0x00000000080006c4       0x3c StdPeriph_Driver/src/stm32f10x_rcc.o
                0x00000000080006c4                RCC_APB1PeriphClockCmd
 .text.RCC_GetFlagStatus
                0x0000000008000700       0x74 StdPeriph_Driver/src/stm32f10x_rcc.o
                0x0000000008000700                RCC_GetFlagStatus
 .text.USART_Init
                0x0000000008000774      0x174 StdPeriph_Driver/src/stm32f10x_usart.o
                0x0000000008000774                USART_Init
 .text.USART_Cmd
                0x00000000080008e8       0x3e StdPeriph_Driver/src/stm32f10x_usart.o
                0x00000000080008e8                USART_Cmd
 .text.USART_SendData
                0x0000000008000926       0x22 StdPeriph_Driver/src/stm32f10x_usart.o
                0x0000000008000926                USART_SendData
 .text.USART_ReceiveData
                0x0000000008000948       0x1e StdPeriph_Driver/src/stm32f10x_usart.o
                0x0000000008000948                USART_ReceiveData
 .text.USART_GetFlagStatus
                0x0000000008000966       0x36 StdPeriph_Driver/src/stm32f10x_usart.o
                0x0000000008000966                USART_GetFlagStatus
 .text.USART_ClearFlag
                0x000000000800099c       0x20 StdPeriph_Driver/src/stm32f10x_usart.o
                0x000000000800099c                USART_ClearFlag
 .text.RCC_Config_HSI_Default
                0x00000000080009bc       0x46 src/Aula_2.o
 .text.RCC_Config_HSI_PLL_Max
                0x0000000008000a02       0x66 src/Aula_2.o
 .text.RCC_Config_HSE_Default
                0x0000000008000a68       0x50 src/Aula_2.o
 .text.RCC_Config_HSE_PLL_Max
                0x0000000008000ab8       0x74 src/Aula_2.o
 .text.RCC_Config_30MHz
                0x0000000008000b2c       0x74 src/Aula_2.o
 .text.aula_2_Init
                0x0000000008000ba0       0x54 src/Aula_2.o
                0x0000000008000ba0                aula_2_Init
 .text.responder
                0x0000000008000bf4       0xe8 src/PC_Comm.o
                0x0000000008000bf4                responder
 .text.Comm1    0x0000000008000cdc       0x1e src/PC_Comm.o
                0x0000000008000cdc                Comm1
 .text.Comm2    0x0000000008000cfa       0x1e src/PC_Comm.o
                0x0000000008000cfa                Comm2
 .text.Comm3    0x0000000008000d18       0x1e src/PC_Comm.o
                0x0000000008000d18                Comm3
 .text.Comm4    0x0000000008000d36       0x1e src/PC_Comm.o
                0x0000000008000d36                Comm4
 .text.PC_Comm_parseInput
                0x0000000008000d54      0x134 src/PC_Comm.o
                0x0000000008000d54                PC_Comm_parseInput
 .text.USART_2_GPIO_Init
                0x0000000008000e88       0x48 src/USART.o
                0x0000000008000e88                USART_2_GPIO_Init
 .text.USART_2_Init
                0x0000000008000ed0       0x48 src/USART.o
                0x0000000008000ed0                USART_2_Init
 .text.USART_2_isCharAvailable
                0x0000000008000f18       0x20 src/USART.o
                0x0000000008000f18                USART_2_isCharAvailable
 .text.USART_2_receiveChar
                0x0000000008000f38       0x2c src/USART.o
                0x0000000008000f38                USART_2_receiveChar
 .text.USART_2_sendChar
                0x0000000008000f64       0x48 src/USART.o
                0x0000000008000f64                USART_2_sendChar
 .text.USART_2_sendString
                0x0000000008000fac       0x40 src/USART.o
                0x0000000008000fac                USART_2_sendString
 .text.aula_1_Init
                0x0000000008000fec       0x54 src/aula_1.o
                0x0000000008000fec                aula_1_Init
 .text.main     0x0000000008001040       0xc4 src/main.o
                0x0000000008001040                main
 .text.WWDG_IRQHandler
                0x0000000008001104        0xc src/stm32f10x_it.o
                0x0000000008001104                WWDG_IRQHandler
 .text.PVD_IRQHandler
                0x0000000008001110        0xc src/stm32f10x_it.o
                0x0000000008001110                PVD_IRQHandler
 .text.TAMPER_IRQHandler
                0x000000000800111c        0xc src/stm32f10x_it.o
                0x000000000800111c                TAMPER_IRQHandler
 .text.RTC_IRQHandler
                0x0000000008001128        0xc src/stm32f10x_it.o
                0x0000000008001128                RTC_IRQHandler
 .text.FLASH_IRQHandler
                0x0000000008001134        0xc src/stm32f10x_it.o
                0x0000000008001134                FLASH_IRQHandler
 .text.RCC_IRQHandler
                0x0000000008001140        0xc src/stm32f10x_it.o
                0x0000000008001140                RCC_IRQHandler
 .text.EXTI0_IRQHandler
                0x000000000800114c        0xc src/stm32f10x_it.o
                0x000000000800114c                EXTI0_IRQHandler
 .text.EXTI1_IRQHandler
                0x0000000008001158        0xc src/stm32f10x_it.o
                0x0000000008001158                EXTI1_IRQHandler
 .text.EXTI2_IRQHandler
                0x0000000008001164        0xc src/stm32f10x_it.o
                0x0000000008001164                EXTI2_IRQHandler
 .text.EXTI3_IRQHandler
                0x0000000008001170        0xc src/stm32f10x_it.o
                0x0000000008001170                EXTI3_IRQHandler
 .text.EXTI4_IRQHandler
                0x000000000800117c        0xc src/stm32f10x_it.o
                0x000000000800117c                EXTI4_IRQHandler
 .text.DMA1_Channel1_IRQHandler
                0x0000000008001188        0xc src/stm32f10x_it.o
                0x0000000008001188                DMA1_Channel1_IRQHandler
 .text.DMA1_Channel2_IRQHandler
                0x0000000008001194        0xc src/stm32f10x_it.o
                0x0000000008001194                DMA1_Channel2_IRQHandler
 .text.DMA1_Channel3_IRQHandler
                0x00000000080011a0        0xc src/stm32f10x_it.o
                0x00000000080011a0                DMA1_Channel3_IRQHandler
 .text.DMA1_Channel4_IRQHandler
                0x00000000080011ac        0xc src/stm32f10x_it.o
                0x00000000080011ac                DMA1_Channel4_IRQHandler
 .text.DMA1_Channel5_IRQHandler
                0x00000000080011b8        0xc src/stm32f10x_it.o
                0x00000000080011b8                DMA1_Channel5_IRQHandler
 .text.DMA1_Channel6_IRQHandler
                0x00000000080011c4        0xc src/stm32f10x_it.o
                0x00000000080011c4                DMA1_Channel6_IRQHandler
 .text.DMA1_Channel7_IRQHandler
                0x00000000080011d0        0xc src/stm32f10x_it.o
                0x00000000080011d0                DMA1_Channel7_IRQHandler
 .text.ADC1_2_IRQHandler
                0x00000000080011dc        0xc src/stm32f10x_it.o
                0x00000000080011dc                ADC1_2_IRQHandler
 .text.EXTI9_5_IRQHandler
                0x00000000080011e8        0xc src/stm32f10x_it.o
                0x00000000080011e8                EXTI9_5_IRQHandler
 .text.TIM1_BRK_IRQHandler
                0x00000000080011f4        0xc src/stm32f10x_it.o
                0x00000000080011f4                TIM1_BRK_IRQHandler
 .text.TIM1_UP_IRQHandler
                0x0000000008001200        0xc src/stm32f10x_it.o
                0x0000000008001200                TIM1_UP_IRQHandler
 .text.TIM1_TRG_COM_IRQHandler
                0x000000000800120c        0xc src/stm32f10x_it.o
                0x000000000800120c                TIM1_TRG_COM_IRQHandler
 .text.TIM1_CC_IRQHandler
                0x0000000008001218        0xc src/stm32f10x_it.o
                0x0000000008001218                TIM1_CC_IRQHandler
 .text.TIM2_IRQHandler
                0x0000000008001224        0xc src/stm32f10x_it.o
                0x0000000008001224                TIM2_IRQHandler
 .text.TIM3_IRQHandler
                0x0000000008001230        0xc src/stm32f10x_it.o
                0x0000000008001230                TIM3_IRQHandler
 .text.TIM4_IRQHandler
                0x000000000800123c        0xc src/stm32f10x_it.o
                0x000000000800123c                TIM4_IRQHandler
 .text.I2C1_EV_IRQHandler
                0x0000000008001248        0xc src/stm32f10x_it.o
                0x0000000008001248                I2C1_EV_IRQHandler
 .text.I2C1_ER_IRQHandler
                0x0000000008001254        0xc src/stm32f10x_it.o
                0x0000000008001254                I2C1_ER_IRQHandler
 .text.I2C2_EV_IRQHandler
                0x0000000008001260        0xc src/stm32f10x_it.o
                0x0000000008001260                I2C2_EV_IRQHandler
 .text.I2C2_ER_IRQHandler
                0x000000000800126c        0xc src/stm32f10x_it.o
                0x000000000800126c                I2C2_ER_IRQHandler
 .text.SPI1_IRQHandler
                0x0000000008001278        0xc src/stm32f10x_it.o
                0x0000000008001278                SPI1_IRQHandler
 .text.SPI2_IRQHandler
                0x0000000008001284        0xc src/stm32f10x_it.o
                0x0000000008001284                SPI2_IRQHandler
 .text.USART1_IRQHandler
                0x0000000008001290        0xc src/stm32f10x_it.o
                0x0000000008001290                USART1_IRQHandler
 .text.USART2_IRQHandler
                0x000000000800129c        0xc src/stm32f10x_it.o
                0x000000000800129c                USART2_IRQHandler
 .text.USART3_IRQHandler
                0x00000000080012a8        0xc src/stm32f10x_it.o
                0x00000000080012a8                USART3_IRQHandler
 .text.EXTI15_10_IRQHandler
                0x00000000080012b4        0xc src/stm32f10x_it.o
                0x00000000080012b4                EXTI15_10_IRQHandler
 .text.RTCAlarm_IRQHandler
                0x00000000080012c0        0xc src/stm32f10x_it.o
                0x00000000080012c0                RTCAlarm_IRQHandler
 .text.USBWakeUp_IRQHandler
                0x00000000080012cc        0xc src/stm32f10x_it.o
                0x00000000080012cc                USBWakeUp_IRQHandler
 .text.Reset_Handler
                0x00000000080012d8       0x44 startup/startup_stm32.o
                0x00000000080012d8                Reset_Handler
 .text.Default_Handler
                0x000000000800131c        0x2 startup/startup_stm32.o
                0x000000000800131c                DebugMon_Handler
                0x000000000800131c                HardFault_Handler
                0x000000000800131c                SysTick_Handler
                0x000000000800131c                PendSV_Handler
                0x000000000800131c                NMI_Handler
                0x000000000800131c                UsageFault_Handler
                0x000000000800131c                CAN1_RX1_IRQHandler
                0x000000000800131c                Default_Handler
                0x000000000800131c                MemManage_Handler
                0x000000000800131c                SVC_Handler
                0x000000000800131c                USB_LP_CAN1_RX0_IRQHandler
                0x000000000800131c                USB_HP_CAN1_TX_IRQHandler
                0x000000000800131c                CAN1_SCE_IRQHandler
                0x000000000800131c                BusFault_Handler
 *fill*         0x000000000800131e        0x2 
 .text.__libc_init_array
                0x0000000008001320       0x48 /home/bruno-laptop/Programs/Ac6/SystemWorkbench/plugins/fr.ac6.mcu.externaltools.arm-none.linux64_1.17.0.201812190825/tools/compiler/bin/../lib/gcc/arm-none-eabi/7.3.1/../../../../arm-none-eabi/lib/thumb/v7-m/libc.a(lib_a-init.o)
                0x0000000008001320                __libc_init_array
 .text.startup.register_fini
                0x0000000008001368       0x14 /home/bruno-laptop/Programs/Ac6/SystemWorkbench/plugins/fr.ac6.mcu.externaltools.arm-none.linux64_1.17.0.201812190825/tools/compiler/bin/../lib/gcc/arm-none-eabi/7.3.1/../../../../arm-none-eabi/lib/thumb/v7-m/libc.a(lib_a-__call_atexit.o)
 .text.atexit   0x000000000800137c        0xc /home/bruno-laptop/Programs/Ac6/SystemWorkbench/plugins/fr.ac6.mcu.externaltools.arm-none.linux64_1.17.0.201812190825/tools/compiler/bin/../lib/gcc/arm-none-eabi/7.3.1/../../../../arm-none-eabi/lib/thumb/v7-m/libc.a(lib_a-atexit.o)
                0x000000000800137c                atexit
 .text.__libc_fini_array
                0x0000000008001388       0x34 /home/bruno-laptop/Programs/Ac6/SystemWorkbench/plugins/fr.ac6.mcu.externaltools.arm-none.linux64_1.17.0.201812190825/tools/compiler/bin/../lib/gcc/arm-none-eabi/7.3.1/../../../../arm-none-eabi/lib/thumb/v7-m/libc.a(lib_a-fini.o)
                0x0000000008001388                __libc_fini_array
 .text.__retarget_lock_acquire_recursive
                0x00000000080013bc        0x4 /home/bruno-laptop/Programs/Ac6/SystemWorkbench/plugins/fr.ac6.mcu.externaltools.arm-none.linux64_1.17.0.201812190825/tools/compiler/bin/../lib/gcc/arm-none-eabi/7.3.1/../../../../arm-none-eabi/lib/thumb/v7-m/libc.a(lib_a-lock.o)
                0x00000000080013bc                __retarget_lock_acquire_recursive
 .text.__retarget_lock_release_recursive
                0x00000000080013c0        0x4 /home/bruno-laptop/Programs/Ac6/SystemWorkbench/plugins/fr.ac6.mcu.externaltools.arm-none.linux64_1.17.0.201812190825/tools/compiler/bin/../lib/gcc/arm-none-eabi/7.3.1/../../../../arm-none-eabi/lib/thumb/v7-m/libc.a(lib_a-lock.o)
                0x00000000080013c0                __retarget_lock_release_recursive
 .text.__register_exitproc
                0x00000000080013c4       0xc0 /home/bruno-laptop/Programs/Ac6/SystemWorkbench/plugins/fr.ac6.mcu.externaltools.arm-none.linux64_1.17.0.201812190825/tools/compiler/bin/../lib/gcc/arm-none-eabi/7.3.1/../../../../arm-none-eabi/lib/thumb/v7-m/libc.a(lib_a-__atexit.o)
                0x00000000080013c4                __register_exitproc
 *(.glue_7)
 .glue_7        0x0000000008001484        0x0 linker stubs
 *(.glue_7t)
 .glue_7t       0x0000000008001484        0x0 linker stubs
 *(.eh_frame)
 .eh_frame      0x0000000008001484        0x0 /home/bruno-laptop/Programs/Ac6/SystemWorkbench/plugins/fr.ac6.mcu.externaltools.arm-none.linux64_1.17.0.201812190825/tools/compiler/bin/../lib/gcc/arm-none-eabi/7.3.1/thumb/v7-m/crtbegin.o
 *(.init)
 .init          0x0000000008001484        0x4 /home/bruno-laptop/Programs/Ac6/SystemWorkbench/plugins/fr.ac6.mcu.externaltools.arm-none.linux64_1.17.0.201812190825/tools/compiler/bin/../lib/gcc/arm-none-eabi/7.3.1/thumb/v7-m/crti.o
                0x0000000008001484                _init
 .init          0x0000000008001488        0x8 /home/bruno-laptop/Programs/Ac6/SystemWorkbench/plugins/fr.ac6.mcu.externaltools.arm-none.linux64_1.17.0.201812190825/tools/compiler/bin/../lib/gcc/arm-none-eabi/7.3.1/thumb/v7-m/crtn.o
 *(.fini)
 .fini          0x0000000008001490        0x4 /home/bruno-laptop/Programs/Ac6/SystemWorkbench/plugins/fr.ac6.mcu.externaltools.arm-none.linux64_1.17.0.201812190825/tools/compiler/bin/../lib/gcc/arm-none-eabi/7.3.1/thumb/v7-m/crti.o
                0x0000000008001490                _fini
 .fini          0x0000000008001494        0x8 /home/bruno-laptop/Programs/Ac6/SystemWorkbench/plugins/fr.ac6.mcu.externaltools.arm-none.linux64_1.17.0.201812190825/tools/compiler/bin/../lib/gcc/arm-none-eabi/7.3.1/thumb/v7-m/crtn.o
                0x000000000800149c                . = ALIGN (0x4)
                0x000000000800149c                _etext = .

.vfp11_veneer   0x000000000800149c        0x0
 .vfp11_veneer  0x000000000800149c        0x0 linker stubs

.v4_bx          0x000000000800149c        0x0
 .v4_bx         0x000000000800149c        0x0 linker stubs

.iplt           0x000000000800149c        0x0
 .iplt          0x000000000800149c        0x0 /home/bruno-laptop/Programs/Ac6/SystemWorkbench/plugins/fr.ac6.mcu.externaltools.arm-none.linux64_1.17.0.201812190825/tools/compiler/bin/../lib/gcc/arm-none-eabi/7.3.1/thumb/v7-m/crtbegin.o

.rodata         0x000000000800149c      0x13c
                0x000000000800149c                . = ALIGN (0x4)
 *(.rodata)
 .rodata        0x000000000800149c       0xc8 src/PC_Comm.o
 .rodata        0x0000000008001564       0x6d src/main.o
 *(.rodata*)
 *fill*         0x00000000080015d1        0x3 
 .rodata._global_impure_ptr
                0x00000000080015d4        0x4 /home/bruno-laptop/Programs/Ac6/SystemWorkbench/plugins/fr.ac6.mcu.externaltools.arm-none.linux64_1.17.0.201812190825/tools/compiler/bin/../lib/gcc/arm-none-eabi/7.3.1/../../../../arm-none-eabi/lib/thumb/v7-m/libc.a(lib_a-impure.o)
                0x00000000080015d4                _global_impure_ptr
                0x00000000080015d8                . = ALIGN (0x4)

.rel.dyn        0x00000000080015d8        0x0
 .rel.iplt      0x00000000080015d8        0x0 /home/bruno-laptop/Programs/Ac6/SystemWorkbench/plugins/fr.ac6.mcu.externaltools.arm-none.linux64_1.17.0.201812190825/tools/compiler/bin/../lib/gcc/arm-none-eabi/7.3.1/thumb/v7-m/crtbegin.o

.ARM.extab      0x00000000080015d8        0x0
                0x00000000080015d8                . = ALIGN (0x4)
 *(.ARM.extab* .gnu.linkonce.armextab.*)
                0x00000000080015d8                . = ALIGN (0x4)

.ARM            0x00000000080015d8        0x0
                0x00000000080015d8                . = ALIGN (0x4)
                0x00000000080015d8                __exidx_start = .
 *(.ARM.exidx*)
                0x00000000080015d8                __exidx_end = .
                0x00000000080015d8                . = ALIGN (0x4)

.preinit_array  0x00000000080015d8        0x0
                0x00000000080015d8                . = ALIGN (0x4)
                0x00000000080015d8                PROVIDE (__preinit_array_start = .)
 *(.preinit_array*)
                0x00000000080015d8                PROVIDE (__preinit_array_end = .)
                0x00000000080015d8                . = ALIGN (0x4)

.init_array     0x00000000080015d8        0x8
                0x00000000080015d8                . = ALIGN (0x4)
                0x00000000080015d8                PROVIDE (__init_array_start = .)
 *(SORT_BY_NAME(.init_array.*))
 .init_array.00000
                0x00000000080015d8        0x4 /home/bruno-laptop/Programs/Ac6/SystemWorkbench/plugins/fr.ac6.mcu.externaltools.arm-none.linux64_1.17.0.201812190825/tools/compiler/bin/../lib/gcc/arm-none-eabi/7.3.1/../../../../arm-none-eabi/lib/thumb/v7-m/libc.a(lib_a-__call_atexit.o)
 *(.init_array*)
 .init_array    0x00000000080015dc        0x4 /home/bruno-laptop/Programs/Ac6/SystemWorkbench/plugins/fr.ac6.mcu.externaltools.arm-none.linux64_1.17.0.201812190825/tools/compiler/bin/../lib/gcc/arm-none-eabi/7.3.1/thumb/v7-m/crtbegin.o
                0x00000000080015e0                PROVIDE (__init_array_end = .)
                0x00000000080015e0                . = ALIGN (0x4)

.fini_array     0x00000000080015e0        0x4
                0x00000000080015e0                . = ALIGN (0x4)
                0x00000000080015e0                PROVIDE (__fini_array_start = .)
 *(SORT_BY_NAME(.fini_array.*))
 *(.fini_array*)
 .fini_array    0x00000000080015e0        0x4 /home/bruno-laptop/Programs/Ac6/SystemWorkbench/plugins/fr.ac6.mcu.externaltools.arm-none.linux64_1.17.0.201812190825/tools/compiler/bin/../lib/gcc/arm-none-eabi/7.3.1/thumb/v7-m/crtbegin.o
                0x00000000080015e4                PROVIDE (__fini_array_end = .)
                0x00000000080015e4                . = ALIGN (0x4)
                0x00000000080015e4                _sidata = LOADADDR (.data)

.data           0x0000000020000000      0x444 load address 0x00000000080015e4
                0x0000000020000000                . = ALIGN (0x4)
                0x0000000020000000                _sdata = .
 *(.data)
 .data          0x0000000020000000       0x14 StdPeriph_Driver/src/stm32f10x_rcc.o
 *(.data*)
 *fill*         0x0000000020000014        0x4 
 .data.impure_data
                0x0000000020000018      0x428 /home/bruno-laptop/Programs/Ac6/SystemWorkbench/plugins/fr.ac6.mcu.externaltools.arm-none.linux64_1.17.0.201812190825/tools/compiler/bin/../lib/gcc/arm-none-eabi/7.3.1/../../../../arm-none-eabi/lib/thumb/v7-m/libc.a(lib_a-impure.o)
 .data.__atexit_recursive_mutex
                0x0000000020000440        0x4 /home/bruno-laptop/Programs/Ac6/SystemWorkbench/plugins/fr.ac6.mcu.externaltools.arm-none.linux64_1.17.0.201812190825/tools/compiler/bin/../lib/gcc/arm-none-eabi/7.3.1/../../../../arm-none-eabi/lib/thumb/v7-m/libc.a(lib_a-__call_atexit.o)
                0x0000000020000440                __atexit_recursive_mutex
                0x0000000020000444                . = ALIGN (0x4)
                0x0000000020000444                _edata = .

.igot.plt       0x0000000020000444        0x0 load address 0x0000000008001a28
 .igot.plt      0x0000000020000444        0x0 /home/bruno-laptop/Programs/Ac6/SystemWorkbench/plugins/fr.ac6.mcu.externaltools.arm-none.linux64_1.17.0.201812190825/tools/compiler/bin/../lib/gcc/arm-none-eabi/7.3.1/thumb/v7-m/crtbegin.o
                0x0000000020000444                . = ALIGN (0x4)

.bss            0x0000000020000444       0x40 load address 0x0000000008001a28
                0x0000000020000444                _sbss = .
                0x0000000020000444                __bss_start__ = _sbss
 *(.bss)
 .bss           0x0000000020000444       0x1c /home/bruno-laptop/Programs/Ac6/SystemWorkbench/plugins/fr.ac6.mcu.externaltools.arm-none.linux64_1.17.0.201812190825/tools/compiler/bin/../lib/gcc/arm-none-eabi/7.3.1/thumb/v7-m/crtbegin.o
 *(.bss*)
 *(COMMON)
 COMMON         0x0000000020000460       0x21 /home/bruno-laptop/Programs/Ac6/SystemWorkbench/plugins/fr.ac6.mcu.externaltools.arm-none.linux64_1.17.0.201812190825/tools/compiler/bin/../lib/gcc/arm-none-eabi/7.3.1/../../../../arm-none-eabi/lib/thumb/v7-m/libc.a(lib_a-lock.o)
                0x0000000020000460                __lock___atexit_recursive_mutex
                0x0000000020000464                __lock___arc4random_mutex
                0x0000000020000468                __lock___env_recursive_mutex
                0x000000002000046c                __lock___sinit_recursive_mutex
                0x0000000020000470                __lock___malloc_recursive_mutex
                0x0000000020000474                __lock___at_quick_exit_mutex
                0x0000000020000478                __lock___dd_hash_mutex
                0x000000002000047c                __lock___tz_mutex
                0x0000000020000480                __lock___sfp_recursive_mutex
                0x0000000020000484                . = ALIGN (0x4)
 *fill*         0x0000000020000481        0x3 
                0x0000000020000484                _ebss = .
                0x0000000020000484                __bss_end__ = _ebss

._user_heap_stack
                0x0000000020000484      0x404 load address 0x0000000008001a28
                0x0000000020000488                . = ALIGN (0x8)
 *fill*         0x0000000020000484        0x4 
                0x0000000020000488                PROVIDE (end = .)
                [!provide]                        PROVIDE (_end = .)
                0x0000000020000488                . = (. + _Min_Heap_Size)
                0x0000000020000888                . = (. + _Min_Stack_Size)
 *fill*         0x0000000020000488      0x400 
                0x0000000020000888                . = ALIGN (0x8)

/DISCARD/
 libc.a(*)
 libm.a(*)
 libgcc.a(*)

.ARM.attributes
                0x0000000000000000       0x29
 *(.ARM.attributes)
 .ARM.attributes
                0x0000000000000000       0x1d /home/bruno-laptop/Programs/Ac6/SystemWorkbench/plugins/fr.ac6.mcu.externaltools.arm-none.linux64_1.17.0.201812190825/tools/compiler/bin/../lib/gcc/arm-none-eabi/7.3.1/thumb/v7-m/crti.o
 .ARM.attributes
                0x000000000000001d       0x2d /home/bruno-laptop/Programs/Ac6/SystemWorkbench/plugins/fr.ac6.mcu.externaltools.arm-none.linux64_1.17.0.201812190825/tools/compiler/bin/../lib/gcc/arm-none-eabi/7.3.1/thumb/v7-m/crtbegin.o
 .ARM.attributes
                0x000000000000004a       0x33 StdPeriph_Driver/src/stm32f10x_flash.o
 .ARM.attributes
                0x000000000000007d       0x33 StdPeriph_Driver/src/stm32f10x_gpio.o
 .ARM.attributes
                0x00000000000000b0       0x33 StdPeriph_Driver/src/stm32f10x_rcc.o
 .ARM.attributes
                0x00000000000000e3       0x33 StdPeriph_Driver/src/stm32f10x_usart.o
 .ARM.attributes
                0x0000000000000116       0x33 src/Aula_2.o
 .ARM.attributes
                0x0000000000000149       0x33 src/PC_Comm.o
 .ARM.attributes
                0x000000000000017c       0x33 src/USART.o
 .ARM.attributes
                0x00000000000001af       0x33 src/aula_1.o
 .ARM.attributes
                0x00000000000001e2       0x33 src/main.o
 .ARM.attributes
                0x0000000000000215       0x33 src/stm32f10x_it.o
 .ARM.attributes
                0x0000000000000248       0x21 startup/startup_stm32.o
 .ARM.attributes
                0x0000000000000269       0x2d /home/bruno-laptop/Programs/Ac6/SystemWorkbench/plugins/fr.ac6.mcu.externaltools.arm-none.linux64_1.17.0.201812190825/tools/compiler/bin/../lib/gcc/arm-none-eabi/7.3.1/../../../../arm-none-eabi/lib/thumb/v7-m/libc.a(lib_a-impure.o)
 .ARM.attributes
                0x0000000000000296       0x2d /home/bruno-laptop/Programs/Ac6/SystemWorkbench/plugins/fr.ac6.mcu.externaltools.arm-none.linux64_1.17.0.201812190825/tools/compiler/bin/../lib/gcc/arm-none-eabi/7.3.1/../../../../arm-none-eabi/lib/thumb/v7-m/libc.a(lib_a-init.o)
 .ARM.attributes
                0x00000000000002c3       0x2d /home/bruno-laptop/Programs/Ac6/SystemWorkbench/plugins/fr.ac6.mcu.externaltools.arm-none.linux64_1.17.0.201812190825/tools/compiler/bin/../lib/gcc/arm-none-eabi/7.3.1/../../../../arm-none-eabi/lib/thumb/v7-m/libc.a(lib_a-__call_atexit.o)
 .ARM.attributes
                0x00000000000002f0       0x2d /home/bruno-laptop/Programs/Ac6/SystemWorkbench/plugins/fr.ac6.mcu.externaltools.arm-none.linux64_1.17.0.201812190825/tools/compiler/bin/../lib/gcc/arm-none-eabi/7.3.1/../../../../arm-none-eabi/lib/thumb/v7-m/libc.a(lib_a-atexit.o)
 .ARM.attributes
                0x000000000000031d       0x2d /home/bruno-laptop/Programs/Ac6/SystemWorkbench/plugins/fr.ac6.mcu.externaltools.arm-none.linux64_1.17.0.201812190825/tools/compiler/bin/../lib/gcc/arm-none-eabi/7.3.1/../../../../arm-none-eabi/lib/thumb/v7-m/libc.a(lib_a-fini.o)
 .ARM.attributes
                0x000000000000034a       0x2d /home/bruno-laptop/Programs/Ac6/SystemWorkbench/plugins/fr.ac6.mcu.externaltools.arm-none.linux64_1.17.0.201812190825/tools/compiler/bin/../lib/gcc/arm-none-eabi/7.3.1/../../../../arm-none-eabi/lib/thumb/v7-m/libc.a(lib_a-lock.o)
 .ARM.attributes
                0x0000000000000377       0x2d /home/bruno-laptop/Programs/Ac6/SystemWorkbench/plugins/fr.ac6.mcu.externaltools.arm-none.linux64_1.17.0.201812190825/tools/compiler/bin/../lib/gcc/arm-none-eabi/7.3.1/../../../../arm-none-eabi/lib/thumb/v7-m/libc.a(lib_a-__atexit.o)
 .ARM.attributes
                0x00000000000003a4       0x1d /home/bruno-laptop/Programs/Ac6/SystemWorkbench/plugins/fr.ac6.mcu.externaltools.arm-none.linux64_1.17.0.201812190825/tools/compiler/bin/../lib/gcc/arm-none-eabi/7.3.1/thumb/v7-m/crtn.o
OUTPUT(3SO.elf elf32-littlearm)

.debug_info     0x0000000000000000     0x3952
 .debug_info    0x0000000000000000      0x7b2 StdPeriph_Driver/src/stm32f10x_flash.o
 .debug_info    0x00000000000007b2      0x6ec StdPeriph_Driver/src/stm32f10x_gpio.o
 .debug_info    0x0000000000000e9e      0x89c StdPeriph_Driver/src/stm32f10x_rcc.o
 .debug_info    0x000000000000173a      0x9e4 StdPeriph_Driver/src/stm32f10x_usart.o
 .debug_info    0x000000000000211e      0x215 src/Aula_2.o
 .debug_info    0x0000000000002333      0x153 src/PC_Comm.o
 .debug_info    0x0000000000002486      0xc78 src/USART.o
 .debug_info    0x00000000000030fe      0x292 src/aula_1.o
 .debug_info    0x0000000000003390      0x16b src/main.o
 .debug_info    0x00000000000034fb      0x435 src/stm32f10x_it.o
 .debug_info    0x0000000000003930       0x22 startup/startup_stm32.o

.debug_abbrev   0x0000000000000000      0xdda
 .debug_abbrev  0x0000000000000000      0x1a7 StdPeriph_Driver/src/stm32f10x_flash.o
 .debug_abbrev  0x00000000000001a7      0x1e4 StdPeriph_Driver/src/stm32f10x_gpio.o
 .debug_abbrev  0x000000000000038b      0x1d4 StdPeriph_Driver/src/stm32f10x_rcc.o
 .debug_abbrev  0x000000000000055f      0x194 StdPeriph_Driver/src/stm32f10x_usart.o
 .debug_abbrev  0x00000000000006f3      0x11b src/Aula_2.o
 .debug_abbrev  0x000000000000080e       0x84 src/PC_Comm.o
 .debug_abbrev  0x0000000000000892      0x294 src/USART.o
 .debug_abbrev  0x0000000000000b26      0x148 src/aula_1.o
 .debug_abbrev  0x0000000000000c6e       0xc7 src/main.o
 .debug_abbrev  0x0000000000000d35       0x93 src/stm32f10x_it.o
 .debug_abbrev  0x0000000000000dc8       0x12 startup/startup_stm32.o

.debug_aranges  0x0000000000000000      0x6c8
 .debug_aranges
                0x0000000000000000       0xf8 StdPeriph_Driver/src/stm32f10x_flash.o
 .debug_aranges
                0x00000000000000f8       0xa8 StdPeriph_Driver/src/stm32f10x_gpio.o
 .debug_aranges
                0x00000000000001a0      0x118 StdPeriph_Driver/src/stm32f10x_rcc.o
 .debug_aranges
                0x00000000000002b8      0x100 StdPeriph_Driver/src/stm32f10x_usart.o
 .debug_aranges
                0x00000000000003b8       0x48 src/Aula_2.o
 .debug_aranges
                0x0000000000000400       0x48 src/PC_Comm.o
 .debug_aranges
                0x0000000000000448       0x50 src/USART.o
 .debug_aranges
                0x0000000000000498       0x30 src/aula_1.o
 .debug_aranges
                0x00000000000004c8       0x20 src/main.o
 .debug_aranges
                0x00000000000004e8      0x1b8 src/stm32f10x_it.o
 .debug_aranges
                0x00000000000006a0       0x28 startup/startup_stm32.o

.debug_ranges   0x0000000000000000      0x620
 .debug_ranges  0x0000000000000000       0xe8 StdPeriph_Driver/src/stm32f10x_flash.o
 .debug_ranges  0x00000000000000e8       0x98 StdPeriph_Driver/src/stm32f10x_gpio.o
 .debug_ranges  0x0000000000000180      0x108 StdPeriph_Driver/src/stm32f10x_rcc.o
 .debug_ranges  0x0000000000000288       0xf0 StdPeriph_Driver/src/stm32f10x_usart.o
 .debug_ranges  0x0000000000000378       0x38 src/Aula_2.o
 .debug_ranges  0x00000000000003b0       0x38 src/PC_Comm.o
 .debug_ranges  0x00000000000003e8       0x40 src/USART.o
 .debug_ranges  0x0000000000000428       0x20 src/aula_1.o
 .debug_ranges  0x0000000000000448       0x10 src/main.o
 .debug_ranges  0x0000000000000458      0x1a8 src/stm32f10x_it.o
 .debug_ranges  0x0000000000000600       0x20 startup/startup_stm32.o

.debug_macro    0x0000000000000000     0x24fc
 .debug_macro   0x0000000000000000      0x22d StdPeriph_Driver/src/stm32f10x_flash.o
 .debug_macro   0x000000000000022d      0x2c9 StdPeriph_Driver/src/stm32f10x_flash.o
 .debug_macro   0x00000000000004f6      0x1d7 StdPeriph_Driver/src/stm32f10x_gpio.o
 .debug_macro   0x00000000000006cd      0x2a6 StdPeriph_Driver/src/stm32f10x_gpio.o
 .debug_macro   0x0000000000000973      0x2a1 StdPeriph_Driver/src/stm32f10x_rcc.o
 .debug_macro   0x0000000000000c14      0x3dc StdPeriph_Driver/src/stm32f10x_rcc.o
 .debug_macro   0x0000000000000ff0      0x23d StdPeriph_Driver/src/stm32f10x_usart.o
 .debug_macro   0x000000000000122d      0x21a StdPeriph_Driver/src/stm32f10x_usart.o
 .debug_macro   0x0000000000001447      0x189 src/Aula_2.o
 .debug_macro   0x00000000000015d0       0x15 src/PC_Comm.o
 .debug_macro   0x00000000000015e5      0x24c src/USART.o
 .debug_macro   0x0000000000001831       0x5e src/USART.o
 .debug_macro   0x000000000000188f       0x18 src/USART.o
 .debug_macro   0x00000000000018a7       0x35 src/USART.o
 .debug_macro   0x00000000000018dc       0x34 src/USART.o
 .debug_macro   0x0000000000001910      0x174 src/USART.o
 .debug_macro   0x0000000000001a84       0x58 src/USART.o
 .debug_macro   0x0000000000001adc       0x1f src/USART.o
 .debug_macro   0x0000000000001afb       0x43 src/USART.o
 .debug_macro   0x0000000000001b3e       0x20 src/USART.o
 .debug_macro   0x0000000000001b5e      0x18e src/USART.o
 .debug_macro   0x0000000000001cec      0x330 src/USART.o
 .debug_macro   0x000000000000201c       0x10 src/USART.o
 .debug_macro   0x000000000000202c       0x35 src/USART.o
 .debug_macro   0x0000000000002061      0x18b src/aula_1.o
 .debug_macro   0x00000000000021ec      0x18b src/main.o
 .debug_macro   0x0000000000002377      0x185 src/stm32f10x_it.o

.debug_line     0x0000000000000000     0x36da
 .debug_line    0x0000000000000000      0x8cb StdPeriph_Driver/src/stm32f10x_flash.o
 .debug_line    0x00000000000008cb      0x7d0 StdPeriph_Driver/src/stm32f10x_gpio.o
 .debug_line    0x000000000000109b      0x8cc StdPeriph_Driver/src/stm32f10x_rcc.o
 .debug_line    0x0000000000001967      0x705 src/Aula_2.o
 .debug_line    0x000000000000206c      0x61d src/aula_1.o
 .debug_line    0x0000000000002689      0x647 src/main.o
 .debug_line    0x0000000000002cd0      0x994 src/stm32f10x_it.o
 .debug_line    0x0000000000003664       0x76 startup/startup_stm32.o

.debug_str      0x0000000000000000    0x4ef79
 .debug_str     0x0000000000000000    0x4d884 StdPeriph_Driver/src/stm32f10x_flash.o
                                      0x4da23 (size before relaxing)
 .debug_str     0x000000000004d884      0x5ae StdPeriph_Driver/src/stm32f10x_gpio.o
                                      0x4d7b1 (size before relaxing)
 .debug_str     0x000000000004de32      0xb59 StdPeriph_Driver/src/stm32f10x_rcc.o
                                      0x4dd97 (size before relaxing)
 .debug_str     0x000000000004e98b       0xff src/Aula_2.o
                                      0x4d2fc (size before relaxing)
 .debug_str     0x000000000004ea8a       0x9f src/aula_1.o
                                      0x4d383 (size before relaxing)
 .debug_str     0x000000000004eb29       0x33 src/main.o
                                      0x4d231 (size before relaxing)
 .debug_str     0x000000000004eb5c      0x3f4 src/stm32f10x_it.o
                                      0x4d598 (size before relaxing)
 .debug_str     0x000000000004ef50       0x29 startup/startup_stm32.o
                                         0x5a (size before relaxing)

.comment        0x0000000000000000       0x7f
 .comment       0x0000000000000000       0x7f StdPeriph_Driver/src/stm32f10x_flash.o
                                         0x80 (size before relaxing)
 .comment       0x000000000000007f       0x80 StdPeriph_Driver/src/stm32f10x_gpio.o
 .comment       0x000000000000007f       0x80 StdPeriph_Driver/src/stm32f10x_rcc.o
 .comment       0x000000000000007f       0x80 StdPeriph_Driver/src/stm32f10x_usart.o
 .comment       0x000000000000007f       0x80 src/Aula_2.o
 .comment       0x000000000000007f       0x80 src/PC_Comm.o
 .comment       0x000000000000007f       0x80 src/USART.o
 .comment       0x000000000000007f       0x80 src/aula_1.o
 .comment       0x000000000000007f       0x80 src/main.o
 .comment       0x000000000000007f       0x80 src/stm32f10x_it.o

.debug_frame    0x0000000000000000     0x1bf8
 .debug_frame   0x0000000000000000      0x410 StdPeriph_Driver/src/stm32f10x_flash.o
 .debug_frame   0x0000000000000410      0x2d0 StdPeriph_Driver/src/stm32f10x_gpio.o
 .debug_frame   0x00000000000006e0      0x4f4 StdPeriph_Driver/src/stm32f10x_rcc.o
 .debug_frame   0x0000000000000bd4      0x490 StdPeriph_Driver/src/stm32f10x_usart.o
 .debug_frame   0x0000000000001064       0xd8 src/Aula_2.o
 .debug_frame   0x000000000000113c       0xe8 src/PC_Comm.o
 .debug_frame   0x0000000000001224       0xfc src/USART.o
 .debug_frame   0x0000000000001320       0x78 src/aula_1.o
 .debug_frame   0x0000000000001398       0x30 src/main.o
 .debug_frame   0x00000000000013c8      0x670 src/stm32f10x_it.o
 .debug_frame   0x0000000000001a38       0x2c /home/bruno-laptop/Programs/Ac6/SystemWorkbench/plugins/fr.ac6.mcu.externaltools.arm-none.linux64_1.17.0.201812190825/tools/compiler/bin/../lib/gcc/arm-none-eabi/7.3.1/../../../../arm-none-eabi/lib/thumb/v7-m/libc.a(lib_a-init.o)
 .debug_frame   0x0000000000001a64       0x5c /home/bruno-laptop/Programs/Ac6/SystemWorkbench/plugins/fr.ac6.mcu.externaltools.arm-none.linux64_1.17.0.201812190825/tools/compiler/bin/../lib/gcc/arm-none-eabi/7.3.1/../../../../arm-none-eabi/lib/thumb/v7-m/libc.a(lib_a-__call_atexit.o)
 .debug_frame   0x0000000000001ac0       0x20 /home/bruno-laptop/Programs/Ac6/SystemWorkbench/plugins/fr.ac6.mcu.externaltools.arm-none.linux64_1.17.0.201812190825/tools/compiler/bin/../lib/gcc/arm-none-eabi/7.3.1/../../../../arm-none-eabi/lib/thumb/v7-m/libc.a(lib_a-atexit.o)
 .debug_frame   0x0000000000001ae0       0x34 /home/bruno-laptop/Programs/Ac6/SystemWorkbench/plugins/fr.ac6.mcu.externaltools.arm-none.linux64_1.17.0.201812190825/tools/compiler/bin/../lib/gcc/arm-none-eabi/7.3.1/../../../../arm-none-eabi/lib/thumb/v7-m/libc.a(lib_a-fini.o)
 .debug_frame   0x0000000000001b14       0xb0 /home/bruno-laptop/Programs/Ac6/SystemWorkbench/plugins/fr.ac6.mcu.externaltools.arm-none.linux64_1.17.0.201812190825/tools/compiler/bin/../lib/gcc/arm-none-eabi/7.3.1/../../../../arm-none-eabi/lib/thumb/v7-m/libc.a(lib_a-lock.o)
 .debug_frame   0x0000000000001bc4       0x34 /home/bruno-laptop/Programs/Ac6/SystemWorkbench/plugins/fr.ac6.mcu.externaltools.arm-none.linux64_1.17.0.201812190825/tools/compiler/bin/../lib/gcc/arm-none-eabi/7.3.1/../../../../arm-none-eabi/lib/thumb/v7-m/libc.a(lib_a-__atexit.o)
