20:49:07 **** Clean-only build of configuration Debug for project 3SO ****
make clean 
rm -rf *
 
20:49:09 **** Build of configuration Debug for project 3SO ****
make all 
Building file: ../startup/startup_stm32.s
Invoking: MCU GCC Assembler
/home/bruno-laptop/Projects/STM/WS/3SO_Fichas/Stm32_3SO/Debug
arm-none-eabi-as -mcpu=cortex-m3 -mthumb -mfloat-abi=soft -I"/home/bruno-laptop/Projects/STM/WS/3SO_Fichas/Stm32_3SO/inc" -I"/home/bruno-laptop/Projects/STM/WS/3SO_Fichas/Stm32_3SO/StdPeriph_Driver/inc" -I"/home/bruno-laptop/Projects/STM/WS/3SO_Fichas/Stm32_3SO/CMSIS/core" -I"/home/bruno-laptop/Projects/STM/WS/3SO_Fichas/Stm32_3SO/CMSIS/device" -g -o "startup/startup_stm32.o" "../startup/startup_stm32.s"
Finished building: ../startup/startup_stm32.s
 
Building file: ../src/aula_1.c
Invoking: MCU GCC Compiler
/home/bruno-laptop/Projects/STM/WS/3SO_Fichas/Stm32_3SO/Debug
arm-none-eabi-gcc -mcpu=cortex-m3 -mthumb -mfloat-abi=soft -DSTM32F1 -DSTM32F103RBTx -DSTM32 -DDEBUG -DUSE_STDPERIPH_DRIVER -DSTM32F10X_MD -I"/home/bruno-laptop/Projects/STM/WS/3SO_Fichas/Stm32_3SO/inc" -I"/home/bruno-laptop/Projects/STM/WS/3SO_Fichas/Stm32_3SO/StdPeriph_Driver/inc" -I"/home/bruno-laptop/Projects/STM/WS/3SO_Fichas/Stm32_3SO/CMSIS/core" -I"/home/bruno-laptop/Projects/STM/WS/3SO_Fichas/Stm32_3SO/CMSIS/device" -O0 -g3 -Wall -fmessage-length=0 -ffunction-sections -c -MMD -MP -MF"src/aula_1.d" -MT"src/aula_1.o" -o "src/aula_1.o" "../src/aula_1.c"
Finished building: ../src/aula_1.c
 
Building file: ../src/lcd.c
Invoking: MCU GCC Compiler
/home/bruno-laptop/Projects/STM/WS/3SO_Fichas/Stm32_3SO/Debug
arm-none-eabi-gcc -mcpu=cortex-m3 -mthumb -mfloat-abi=soft -DSTM32F1 -DSTM32F103RBTx -DSTM32 -DDEBUG -DUSE_STDPERIPH_DRIVER -DSTM32F10X_MD -I"/home/bruno-laptop/Projects/STM/WS/3SO_Fichas/Stm32_3SO/inc" -I"/home/bruno-laptop/Projects/STM/WS/3SO_Fichas/Stm32_3SO/StdPeriph_Driver/inc" -I"/home/bruno-laptop/Projects/STM/WS/3SO_Fichas/Stm32_3SO/CMSIS/core" -I"/home/bruno-laptop/Projects/STM/WS/3SO_Fichas/Stm32_3SO/CMSIS/device" -O0 -g3 -Wall -fmessage-length=0 -ffunction-sections -c -MMD -MP -MF"src/lcd.d" -MT"src/lcd.o" -o "src/lcd.o" "../src/lcd.c"
Finished building: ../src/lcd.c
 
Building file: ../src/main.c
Invoking: MCU GCC Compiler
/home/bruno-laptop/Projects/STM/WS/3SO_Fichas/Stm32_3SO/Debug
arm-none-eabi-gcc -mcpu=cortex-m3 -mthumb -mfloat-abi=soft -DSTM32F1 -DSTM32F103RBTx -DSTM32 -DDEBUG -DUSE_STDPERIPH_DRIVER -DSTM32F10X_MD -I"/home/bruno-laptop/Projects/STM/WS/3SO_Fichas/Stm32_3SO/inc" -I"/home/bruno-laptop/Projects/STM/WS/3SO_Fichas/Stm32_3SO/StdPeriph_Driver/inc" -I"/home/bruno-laptop/Projects/STM/WS/3SO_Fichas/Stm32_3SO/CMSIS/core" -I"/home/bruno-laptop/Projects/STM/WS/3SO_Fichas/Stm32_3SO/CMSIS/device" -O0 -g3 -Wall -fmessage-length=0 -ffunction-sections -c -MMD -MP -MF"src/main.d" -MT"src/main.o" -o "src/main.o" "../src/main.c"
Finished building: ../src/main.c
 
Building file: ../src/stm32f10x_it.c
Invoking: MCU GCC Compiler
/home/bruno-laptop/Projects/STM/WS/3SO_Fichas/Stm32_3SO/Debug
arm-none-eabi-gcc -mcpu=cortex-m3 -mthumb -mfloat-abi=soft -DSTM32F1 -DSTM32F103RBTx -DSTM32 -DDEBUG -DUSE_STDPERIPH_DRIVER -DSTM32F10X_MD -I"/home/bruno-laptop/Projects/STM/WS/3SO_Fichas/Stm32_3SO/inc" -I"/home/bruno-laptop/Projects/STM/WS/3SO_Fichas/Stm32_3SO/StdPeriph_Driver/inc" -I"/home/bruno-laptop/Projects/STM/WS/3SO_Fichas/Stm32_3SO/CMSIS/core" -I"/home/bruno-laptop/Projects/STM/WS/3SO_Fichas/Stm32_3SO/CMSIS/device" -O0 -g3 -Wall -fmessage-length=0 -ffunction-sections -c -MMD -MP -MF"src/stm32f10x_it.d" -MT"src/stm32f10x_it.o" -o "src/stm32f10x_it.o" "../src/stm32f10x_it.c"
Finished building: ../src/stm32f10x_it.c
 
Building file: ../src/syscalls.c
Invoking: MCU GCC Compiler
/home/bruno-laptop/Projects/STM/WS/3SO_Fichas/Stm32_3SO/Debug
arm-none-eabi-gcc -mcpu=cortex-m3 -mthumb -mfloat-abi=soft -DSTM32F1 -DSTM32F103RBTx -DSTM32 -DDEBUG -DUSE_STDPERIPH_DRIVER -DSTM32F10X_MD -I"/home/bruno-laptop/Projects/STM/WS/3SO_Fichas/Stm32_3SO/inc" -I"/home/bruno-laptop/Projects/STM/WS/3SO_Fichas/Stm32_3SO/StdPeriph_Driver/inc" -I"/home/bruno-laptop/Projects/STM/WS/3SO_Fichas/Stm32_3SO/CMSIS/core" -I"/home/bruno-laptop/Projects/STM/WS/3SO_Fichas/Stm32_3SO/CMSIS/device" -O0 -g3 -Wall -fmessage-length=0 -ffunction-sections -c -MMD -MP -MF"src/syscalls.d" -MT"src/syscalls.o" -o "src/syscalls.o" "../src/syscalls.c"
Finished building: ../src/syscalls.c
 
Building file: ../StdPeriph_Driver/src/misc.c
Invoking: MCU GCC Compiler
/home/bruno-laptop/Projects/STM/WS/3SO_Fichas/Stm32_3SO/Debug
arm-none-eabi-gcc -mcpu=cortex-m3 -mthumb -mfloat-abi=soft -DSTM32F1 -DSTM32F103RBTx -DSTM32 -DDEBUG -DUSE_STDPERIPH_DRIVER -DSTM32F10X_MD -I"/home/bruno-laptop/Projects/STM/WS/3SO_Fichas/Stm32_3SO/inc" -I"/home/bruno-laptop/Projects/STM/WS/3SO_Fichas/Stm32_3SO/StdPeriph_Driver/inc" -I"/home/bruno-laptop/Projects/STM/WS/3SO_Fichas/Stm32_3SO/CMSIS/core" -I"/home/bruno-laptop/Projects/STM/WS/3SO_Fichas/Stm32_3SO/CMSIS/device" -O0 -g3 -Wall -fmessage-length=0 -ffunction-sections -c -MMD -MP -MF"StdPeriph_Driver/src/misc.d" -MT"StdPeriph_Driver/src/misc.o" -o "StdPeriph_Driver/src/misc.o" "../StdPeriph_Driver/src/misc.c"
Finished building: ../StdPeriph_Driver/src/misc.c
 
Building file: ../StdPeriph_Driver/src/stm32f10x_adc.c
Invoking: MCU GCC Compiler
/home/bruno-laptop/Projects/STM/WS/3SO_Fichas/Stm32_3SO/Debug
arm-none-eabi-gcc -mcpu=cortex-m3 -mthumb -mfloat-abi=soft -DSTM32F1 -DSTM32F103RBTx -DSTM32 -DDEBUG -DUSE_STDPERIPH_DRIVER -DSTM32F10X_MD -I"/home/bruno-laptop/Projects/STM/WS/3SO_Fichas/Stm32_3SO/inc" -I"/home/bruno-laptop/Projects/STM/WS/3SO_Fichas/Stm32_3SO/StdPeriph_Driver/inc" -I"/home/bruno-laptop/Projects/STM/WS/3SO_Fichas/Stm32_3SO/CMSIS/core" -I"/home/bruno-laptop/Projects/STM/WS/3SO_Fichas/Stm32_3SO/CMSIS/device" -O0 -g3 -Wall -fmessage-length=0 -ffunction-sections -c -MMD -MP -MF"StdPeriph_Driver/src/stm32f10x_adc.d" -MT"StdPeriph_Driver/src/stm32f10x_adc.o" -o "StdPeriph_Driver/src/stm32f10x_adc.o" "../StdPeriph_Driver/src/stm32f10x_adc.c"
Finished building: ../StdPeriph_Driver/src/stm32f10x_adc.c
 
Building file: ../StdPeriph_Driver/src/stm32f10x_bkp.c
Invoking: MCU GCC Compiler
/home/bruno-laptop/Projects/STM/WS/3SO_Fichas/Stm32_3SO/Debug
arm-none-eabi-gcc -mcpu=cortex-m3 -mthumb -mfloat-abi=soft -DSTM32F1 -DSTM32F103RBTx -DSTM32 -DDEBUG -DUSE_STDPERIPH_DRIVER -DSTM32F10X_MD -I"/home/bruno-laptop/Projects/STM/WS/3SO_Fichas/Stm32_3SO/inc" -I"/home/bruno-laptop/Projects/STM/WS/3SO_Fichas/Stm32_3SO/StdPeriph_Driver/inc" -I"/home/bruno-laptop/Projects/STM/WS/3SO_Fichas/Stm32_3SO/CMSIS/core" -I"/home/bruno-laptop/Projects/STM/WS/3SO_Fichas/Stm32_3SO/CMSIS/device" -O0 -g3 -Wall -fmessage-length=0 -ffunction-sections -c -MMD -MP -MF"StdPeriph_Driver/src/stm32f10x_bkp.d" -MT"StdPeriph_Driver/src/stm32f10x_bkp.o" -o "StdPeriph_Driver/src/stm32f10x_bkp.o" "../StdPeriph_Driver/src/stm32f10x_bkp.c"
Finished building: ../StdPeriph_Driver/src/stm32f10x_bkp.c
 
Building file: ../StdPeriph_Driver/src/stm32f10x_can.c
Invoking: MCU GCC Compiler
/home/bruno-laptop/Projects/STM/WS/3SO_Fichas/Stm32_3SO/Debug
arm-none-eabi-gcc -mcpu=cortex-m3 -mthumb -mfloat-abi=soft -DSTM32F1 -DSTM32F103RBTx -DSTM32 -DDEBUG -DUSE_STDPERIPH_DRIVER -DSTM32F10X_MD -I"/home/bruno-laptop/Projects/STM/WS/3SO_Fichas/Stm32_3SO/inc" -I"/home/bruno-laptop/Projects/STM/WS/3SO_Fichas/Stm32_3SO/StdPeriph_Driver/inc" -I"/home/bruno-laptop/Projects/STM/WS/3SO_Fichas/Stm32_3SO/CMSIS/core" -I"/home/bruno-laptop/Projects/STM/WS/3SO_Fichas/Stm32_3SO/CMSIS/device" -O0 -g3 -Wall -fmessage-length=0 -ffunction-sections -c -MMD -MP -MF"StdPeriph_Driver/src/stm32f10x_can.d" -MT"StdPeriph_Driver/src/stm32f10x_can.o" -o "StdPeriph_Driver/src/stm32f10x_can.o" "../StdPeriph_Driver/src/stm32f10x_can.c"
Finished building: ../StdPeriph_Driver/src/stm32f10x_can.c
 
Building file: ../StdPeriph_Driver/src/stm32f10x_cec.c
Invoking: MCU GCC Compiler
/home/bruno-laptop/Projects/STM/WS/3SO_Fichas/Stm32_3SO/Debug
arm-none-eabi-gcc -mcpu=cortex-m3 -mthumb -mfloat-abi=soft -DSTM32F1 -DSTM32F103RBTx -DSTM32 -DDEBUG -DUSE_STDPERIPH_DRIVER -DSTM32F10X_MD -I"/home/bruno-laptop/Projects/STM/WS/3SO_Fichas/Stm32_3SO/inc" -I"/home/bruno-laptop/Projects/STM/WS/3SO_Fichas/Stm32_3SO/StdPeriph_Driver/inc" -I"/home/bruno-laptop/Projects/STM/WS/3SO_Fichas/Stm32_3SO/CMSIS/core" -I"/home/bruno-laptop/Projects/STM/WS/3SO_Fichas/Stm32_3SO/CMSIS/device" -O0 -g3 -Wall -fmessage-length=0 -ffunction-sections -c -MMD -MP -MF"StdPeriph_Driver/src/stm32f10x_cec.d" -MT"StdPeriph_Driver/src/stm32f10x_cec.o" -o "StdPeriph_Driver/src/stm32f10x_cec.o" "../StdPeriph_Driver/src/stm32f10x_cec.c"
Finished building: ../StdPeriph_Driver/src/stm32f10x_cec.c
 
Building file: ../StdPeriph_Driver/src/stm32f10x_crc.c
Invoking: MCU GCC Compiler
/home/bruno-laptop/Projects/STM/WS/3SO_Fichas/Stm32_3SO/Debug
arm-none-eabi-gcc -mcpu=cortex-m3 -mthumb -mfloat-abi=soft -DSTM32F1 -DSTM32F103RBTx -DSTM32 -DDEBUG -DUSE_STDPERIPH_DRIVER -DSTM32F10X_MD -I"/home/bruno-laptop/Projects/STM/WS/3SO_Fichas/Stm32_3SO/inc" -I"/home/bruno-laptop/Projects/STM/WS/3SO_Fichas/Stm32_3SO/StdPeriph_Driver/inc" -I"/home/bruno-laptop/Projects/STM/WS/3SO_Fichas/Stm32_3SO/CMSIS/core" -I"/home/bruno-laptop/Projects/STM/WS/3SO_Fichas/Stm32_3SO/CMSIS/device" -O0 -g3 -Wall -fmessage-length=0 -ffunction-sections -c -MMD -MP -MF"StdPeriph_Driver/src/stm32f10x_crc.d" -MT"StdPeriph_Driver/src/stm32f10x_crc.o" -o "StdPeriph_Driver/src/stm32f10x_crc.o" "../StdPeriph_Driver/src/stm32f10x_crc.c"
Finished building: ../StdPeriph_Driver/src/stm32f10x_crc.c
 
Building file: ../StdPeriph_Driver/src/stm32f10x_dac.c
Invoking: MCU GCC Compiler
/home/bruno-laptop/Projects/STM/WS/3SO_Fichas/Stm32_3SO/Debug
arm-none-eabi-gcc -mcpu=cortex-m3 -mthumb -mfloat-abi=soft -DSTM32F1 -DSTM32F103RBTx -DSTM32 -DDEBUG -DUSE_STDPERIPH_DRIVER -DSTM32F10X_MD -I"/home/bruno-laptop/Projects/STM/WS/3SO_Fichas/Stm32_3SO/inc" -I"/home/bruno-laptop/Projects/STM/WS/3SO_Fichas/Stm32_3SO/StdPeriph_Driver/inc" -I"/home/bruno-laptop/Projects/STM/WS/3SO_Fichas/Stm32_3SO/CMSIS/core" -I"/home/bruno-laptop/Projects/STM/WS/3SO_Fichas/Stm32_3SO/CMSIS/device" -O0 -g3 -Wall -fmessage-length=0 -ffunction-sections -c -MMD -MP -MF"StdPeriph_Driver/src/stm32f10x_dac.d" -MT"StdPeriph_Driver/src/stm32f10x_dac.o" -o "StdPeriph_Driver/src/stm32f10x_dac.o" "../StdPeriph_Driver/src/stm32f10x_dac.c"
Finished building: ../StdPeriph_Driver/src/stm32f10x_dac.c
 
Building file: ../StdPeriph_Driver/src/stm32f10x_dbgmcu.c
Invoking: MCU GCC Compiler
/home/bruno-laptop/Projects/STM/WS/3SO_Fichas/Stm32_3SO/Debug
arm-none-eabi-gcc -mcpu=cortex-m3 -mthumb -mfloat-abi=soft -DSTM32F1 -DSTM32F103RBTx -DSTM32 -DDEBUG -DUSE_STDPERIPH_DRIVER -DSTM32F10X_MD -I"/home/bruno-laptop/Projects/STM/WS/3SO_Fichas/Stm32_3SO/inc" -I"/home/bruno-laptop/Projects/STM/WS/3SO_Fichas/Stm32_3SO/StdPeriph_Driver/inc" -I"/home/bruno-laptop/Projects/STM/WS/3SO_Fichas/Stm32_3SO/CMSIS/core" -I"/home/bruno-laptop/Projects/STM/WS/3SO_Fichas/Stm32_3SO/CMSIS/device" -O0 -g3 -Wall -fmessage-length=0 -ffunction-sections -c -MMD -MP -MF"StdPeriph_Driver/src/stm32f10x_dbgmcu.d" -MT"StdPeriph_Driver/src/stm32f10x_dbgmcu.o" -o "StdPeriph_Driver/src/stm32f10x_dbgmcu.o" "../StdPeriph_Driver/src/stm32f10x_dbgmcu.c"
Finished building: ../StdPeriph_Driver/src/stm32f10x_dbgmcu.c
 
Building file: ../StdPeriph_Driver/src/stm32f10x_dma.c
Invoking: MCU GCC Compiler
/home/bruno-laptop/Projects/STM/WS/3SO_Fichas/Stm32_3SO/Debug
arm-none-eabi-gcc -mcpu=cortex-m3 -mthumb -mfloat-abi=soft -DSTM32F1 -DSTM32F103RBTx -DSTM32 -DDEBUG -DUSE_STDPERIPH_DRIVER -DSTM32F10X_MD -I"/home/bruno-laptop/Projects/STM/WS/3SO_Fichas/Stm32_3SO/inc" -I"/home/bruno-laptop/Projects/STM/WS/3SO_Fichas/Stm32_3SO/StdPeriph_Driver/inc" -I"/home/bruno-laptop/Projects/STM/WS/3SO_Fichas/Stm32_3SO/CMSIS/core" -I"/home/bruno-laptop/Projects/STM/WS/3SO_Fichas/Stm32_3SO/CMSIS/device" -O0 -g3 -Wall -fmessage-length=0 -ffunction-sections -c -MMD -MP -MF"StdPeriph_Driver/src/stm32f10x_dma.d" -MT"StdPeriph_Driver/src/stm32f10x_dma.o" -o "StdPeriph_Driver/src/stm32f10x_dma.o" "../StdPeriph_Driver/src/stm32f10x_dma.c"
Finished building: ../StdPeriph_Driver/src/stm32f10x_dma.c
 
Building file: ../StdPeriph_Driver/src/stm32f10x_exti.c
Invoking: MCU GCC Compiler
/home/bruno-laptop/Projects/STM/WS/3SO_Fichas/Stm32_3SO/Debug
arm-none-eabi-gcc -mcpu=cortex-m3 -mthumb -mfloat-abi=soft -DSTM32F1 -DSTM32F103RBTx -DSTM32 -DDEBUG -DUSE_STDPERIPH_DRIVER -DSTM32F10X_MD -I"/home/bruno-laptop/Projects/STM/WS/3SO_Fichas/Stm32_3SO/inc" -I"/home/bruno-laptop/Projects/STM/WS/3SO_Fichas/Stm32_3SO/StdPeriph_Driver/inc" -I"/home/bruno-laptop/Projects/STM/WS/3SO_Fichas/Stm32_3SO/CMSIS/core" -I"/home/bruno-laptop/Projects/STM/WS/3SO_Fichas/Stm32_3SO/CMSIS/device" -O0 -g3 -Wall -fmessage-length=0 -ffunction-sections -c -MMD -MP -MF"StdPeriph_Driver/src/stm32f10x_exti.d" -MT"StdPeriph_Driver/src/stm32f10x_exti.o" -o "StdPeriph_Driver/src/stm32f10x_exti.o" "../StdPeriph_Driver/src/stm32f10x_exti.c"
Finished building: ../StdPeriph_Driver/src/stm32f10x_exti.c
 
Building file: ../StdPeriph_Driver/src/stm32f10x_flash.c
Invoking: MCU GCC Compiler
/home/bruno-laptop/Projects/STM/WS/3SO_Fichas/Stm32_3SO/Debug
arm-none-eabi-gcc -mcpu=cortex-m3 -mthumb -mfloat-abi=soft -DSTM32F1 -DSTM32F103RBTx -DSTM32 -DDEBUG -DUSE_STDPERIPH_DRIVER -DSTM32F10X_MD -I"/home/bruno-laptop/Projects/STM/WS/3SO_Fichas/Stm32_3SO/inc" -I"/home/bruno-laptop/Projects/STM/WS/3SO_Fichas/Stm32_3SO/StdPeriph_Driver/inc" -I"/home/bruno-laptop/Projects/STM/WS/3SO_Fichas/Stm32_3SO/CMSIS/core" -I"/home/bruno-laptop/Projects/STM/WS/3SO_Fichas/Stm32_3SO/CMSIS/device" -O0 -g3 -Wall -fmessage-length=0 -ffunction-sections -c -MMD -MP -MF"StdPeriph_Driver/src/stm32f10x_flash.d" -MT"StdPeriph_Driver/src/stm32f10x_flash.o" -o "StdPeriph_Driver/src/stm32f10x_flash.o" "../StdPeriph_Driver/src/stm32f10x_flash.c"
Finished building: ../StdPeriph_Driver/src/stm32f10x_flash.c
 
Building file: ../StdPeriph_Driver/src/stm32f10x_fsmc.c
Invoking: MCU GCC Compiler
/home/bruno-laptop/Projects/STM/WS/3SO_Fichas/Stm32_3SO/Debug
arm-none-eabi-gcc -mcpu=cortex-m3 -mthumb -mfloat-abi=soft -DSTM32F1 -DSTM32F103RBTx -DSTM32 -DDEBUG -DUSE_STDPERIPH_DRIVER -DSTM32F10X_MD -I"/home/bruno-laptop/Projects/STM/WS/3SO_Fichas/Stm32_3SO/inc" -I"/home/bruno-laptop/Projects/STM/WS/3SO_Fichas/Stm32_3SO/StdPeriph_Driver/inc" -I"/home/bruno-laptop/Projects/STM/WS/3SO_Fichas/Stm32_3SO/CMSIS/core" -I"/home/bruno-laptop/Projects/STM/WS/3SO_Fichas/Stm32_3SO/CMSIS/device" -O0 -g3 -Wall -fmessage-length=0 -ffunction-sections -c -MMD -MP -MF"StdPeriph_Driver/src/stm32f10x_fsmc.d" -MT"StdPeriph_Driver/src/stm32f10x_fsmc.o" -o "StdPeriph_Driver/src/stm32f10x_fsmc.o" "../StdPeriph_Driver/src/stm32f10x_fsmc.c"
Finished building: ../StdPeriph_Driver/src/stm32f10x_fsmc.c
 
Building file: ../StdPeriph_Driver/src/stm32f10x_gpio.c
Invoking: MCU GCC Compiler
/home/bruno-laptop/Projects/STM/WS/3SO_Fichas/Stm32_3SO/Debug
arm-none-eabi-gcc -mcpu=cortex-m3 -mthumb -mfloat-abi=soft -DSTM32F1 -DSTM32F103RBTx -DSTM32 -DDEBUG -DUSE_STDPERIPH_DRIVER -DSTM32F10X_MD -I"/home/bruno-laptop/Projects/STM/WS/3SO_Fichas/Stm32_3SO/inc" -I"/home/bruno-laptop/Projects/STM/WS/3SO_Fichas/Stm32_3SO/StdPeriph_Driver/inc" -I"/home/bruno-laptop/Projects/STM/WS/3SO_Fichas/Stm32_3SO/CMSIS/core" -I"/home/bruno-laptop/Projects/STM/WS/3SO_Fichas/Stm32_3SO/CMSIS/device" -O0 -g3 -Wall -fmessage-length=0 -ffunction-sections -c -MMD -MP -MF"StdPeriph_Driver/src/stm32f10x_gpio.d" -MT"StdPeriph_Driver/src/stm32f10x_gpio.o" -o "StdPeriph_Driver/src/stm32f10x_gpio.o" "../StdPeriph_Driver/src/stm32f10x_gpio.c"
Finished building: ../StdPeriph_Driver/src/stm32f10x_gpio.c
 
Building file: ../StdPeriph_Driver/src/stm32f10x_i2c.c
Invoking: MCU GCC Compiler
/home/bruno-laptop/Projects/STM/WS/3SO_Fichas/Stm32_3SO/Debug
arm-none-eabi-gcc -mcpu=cortex-m3 -mthumb -mfloat-abi=soft -DSTM32F1 -DSTM32F103RBTx -DSTM32 -DDEBUG -DUSE_STDPERIPH_DRIVER -DSTM32F10X_MD -I"/home/bruno-laptop/Projects/STM/WS/3SO_Fichas/Stm32_3SO/inc" -I"/home/bruno-laptop/Projects/STM/WS/3SO_Fichas/Stm32_3SO/StdPeriph_Driver/inc" -I"/home/bruno-laptop/Projects/STM/WS/3SO_Fichas/Stm32_3SO/CMSIS/core" -I"/home/bruno-laptop/Projects/STM/WS/3SO_Fichas/Stm32_3SO/CMSIS/device" -O0 -g3 -Wall -fmessage-length=0 -ffunction-sections -c -MMD -MP -MF"StdPeriph_Driver/src/stm32f10x_i2c.d" -MT"StdPeriph_Driver/src/stm32f10x_i2c.o" -o "StdPeriph_Driver/src/stm32f10x_i2c.o" "../StdPeriph_Driver/src/stm32f10x_i2c.c"
Finished building: ../StdPeriph_Driver/src/stm32f10x_i2c.c
 
Building file: ../StdPeriph_Driver/src/stm32f10x_iwdg.c
Invoking: MCU GCC Compiler
/home/bruno-laptop/Projects/STM/WS/3SO_Fichas/Stm32_3SO/Debug
arm-none-eabi-gcc -mcpu=cortex-m3 -mthumb -mfloat-abi=soft -DSTM32F1 -DSTM32F103RBTx -DSTM32 -DDEBUG -DUSE_STDPERIPH_DRIVER -DSTM32F10X_MD -I"/home/bruno-laptop/Projects/STM/WS/3SO_Fichas/Stm32_3SO/inc" -I"/home/bruno-laptop/Projects/STM/WS/3SO_Fichas/Stm32_3SO/StdPeriph_Driver/inc" -I"/home/bruno-laptop/Projects/STM/WS/3SO_Fichas/Stm32_3SO/CMSIS/core" -I"/home/bruno-laptop/Projects/STM/WS/3SO_Fichas/Stm32_3SO/CMSIS/device" -O0 -g3 -Wall -fmessage-length=0 -ffunction-sections -c -MMD -MP -MF"StdPeriph_Driver/src/stm32f10x_iwdg.d" -MT"StdPeriph_Driver/src/stm32f10x_iwdg.o" -o "StdPeriph_Driver/src/stm32f10x_iwdg.o" "../StdPeriph_Driver/src/stm32f10x_iwdg.c"
Finished building: ../StdPeriph_Driver/src/stm32f10x_iwdg.c
 
Building file: ../StdPeriph_Driver/src/stm32f10x_pwr.c
Invoking: MCU GCC Compiler
/home/bruno-laptop/Projects/STM/WS/3SO_Fichas/Stm32_3SO/Debug
arm-none-eabi-gcc -mcpu=cortex-m3 -mthumb -mfloat-abi=soft -DSTM32F1 -DSTM32F103RBTx -DSTM32 -DDEBUG -DUSE_STDPERIPH_DRIVER -DSTM32F10X_MD -I"/home/bruno-laptop/Projects/STM/WS/3SO_Fichas/Stm32_3SO/inc" -I"/home/bruno-laptop/Projects/STM/WS/3SO_Fichas/Stm32_3SO/StdPeriph_Driver/inc" -I"/home/bruno-laptop/Projects/STM/WS/3SO_Fichas/Stm32_3SO/CMSIS/core" -I"/home/bruno-laptop/Projects/STM/WS/3SO_Fichas/Stm32_3SO/CMSIS/device" -O0 -g3 -Wall -fmessage-length=0 -ffunction-sections -c -MMD -MP -MF"StdPeriph_Driver/src/stm32f10x_pwr.d" -MT"StdPeriph_Driver/src/stm32f10x_pwr.o" -o "StdPeriph_Driver/src/stm32f10x_pwr.o" "../StdPeriph_Driver/src/stm32f10x_pwr.c"
Finished building: ../StdPeriph_Driver/src/stm32f10x_pwr.c
 
Building file: ../StdPeriph_Driver/src/stm32f10x_rcc.c
Invoking: MCU GCC Compiler
/home/bruno-laptop/Projects/STM/WS/3SO_Fichas/Stm32_3SO/Debug
arm-none-eabi-gcc -mcpu=cortex-m3 -mthumb -mfloat-abi=soft -DSTM32F1 -DSTM32F103RBTx -DSTM32 -DDEBUG -DUSE_STDPERIPH_DRIVER -DSTM32F10X_MD -I"/home/bruno-laptop/Projects/STM/WS/3SO_Fichas/Stm32_3SO/inc" -I"/home/bruno-laptop/Projects/STM/WS/3SO_Fichas/Stm32_3SO/StdPeriph_Driver/inc" -I"/home/bruno-laptop/Projects/STM/WS/3SO_Fichas/Stm32_3SO/CMSIS/core" -I"/home/bruno-laptop/Projects/STM/WS/3SO_Fichas/Stm32_3SO/CMSIS/device" -O0 -g3 -Wall -fmessage-length=0 -ffunction-sections -c -MMD -MP -MF"StdPeriph_Driver/src/stm32f10x_rcc.d" -MT"StdPeriph_Driver/src/stm32f10x_rcc.o" -o "StdPeriph_Driver/src/stm32f10x_rcc.o" "../StdPeriph_Driver/src/stm32f10x_rcc.c"
Finished building: ../StdPeriph_Driver/src/stm32f10x_rcc.c
 
Building file: ../StdPeriph_Driver/src/stm32f10x_rtc.c
Invoking: MCU GCC Compiler
/home/bruno-laptop/Projects/STM/WS/3SO_Fichas/Stm32_3SO/Debug
arm-none-eabi-gcc -mcpu=cortex-m3 -mthumb -mfloat-abi=soft -DSTM32F1 -DSTM32F103RBTx -DSTM32 -DDEBUG -DUSE_STDPERIPH_DRIVER -DSTM32F10X_MD -I"/home/bruno-laptop/Projects/STM/WS/3SO_Fichas/Stm32_3SO/inc" -I"/home/bruno-laptop/Projects/STM/WS/3SO_Fichas/Stm32_3SO/StdPeriph_Driver/inc" -I"/home/bruno-laptop/Projects/STM/WS/3SO_Fichas/Stm32_3SO/CMSIS/core" -I"/home/bruno-laptop/Projects/STM/WS/3SO_Fichas/Stm32_3SO/CMSIS/device" -O0 -g3 -Wall -fmessage-length=0 -ffunction-sections -c -MMD -MP -MF"StdPeriph_Driver/src/stm32f10x_rtc.d" -MT"StdPeriph_Driver/src/stm32f10x_rtc.o" -o "StdPeriph_Driver/src/stm32f10x_rtc.o" "../StdPeriph_Driver/src/stm32f10x_rtc.c"
Finished building: ../StdPeriph_Driver/src/stm32f10x_rtc.c
 
Building file: ../StdPeriph_Driver/src/stm32f10x_sdio.c
Invoking: MCU GCC Compiler
/home/bruno-laptop/Projects/STM/WS/3SO_Fichas/Stm32_3SO/Debug
arm-none-eabi-gcc -mcpu=cortex-m3 -mthumb -mfloat-abi=soft -DSTM32F1 -DSTM32F103RBTx -DSTM32 -DDEBUG -DUSE_STDPERIPH_DRIVER -DSTM32F10X_MD -I"/home/bruno-laptop/Projects/STM/WS/3SO_Fichas/Stm32_3SO/inc" -I"/home/bruno-laptop/Projects/STM/WS/3SO_Fichas/Stm32_3SO/StdPeriph_Driver/inc" -I"/home/bruno-laptop/Projects/STM/WS/3SO_Fichas/Stm32_3SO/CMSIS/core" -I"/home/bruno-laptop/Projects/STM/WS/3SO_Fichas/Stm32_3SO/CMSIS/device" -O0 -g3 -Wall -fmessage-length=0 -ffunction-sections -c -MMD -MP -MF"StdPeriph_Driver/src/stm32f10x_sdio.d" -MT"StdPeriph_Driver/src/stm32f10x_sdio.o" -o "StdPeriph_Driver/src/stm32f10x_sdio.o" "../StdPeriph_Driver/src/stm32f10x_sdio.c"
Finished building: ../StdPeriph_Driver/src/stm32f10x_sdio.c
 
Building file: ../StdPeriph_Driver/src/stm32f10x_spi.c
Invoking: MCU GCC Compiler
/home/bruno-laptop/Projects/STM/WS/3SO_Fichas/Stm32_3SO/Debug
arm-none-eabi-gcc -mcpu=cortex-m3 -mthumb -mfloat-abi=soft -DSTM32F1 -DSTM32F103RBTx -DSTM32 -DDEBUG -DUSE_STDPERIPH_DRIVER -DSTM32F10X_MD -I"/home/bruno-laptop/Projects/STM/WS/3SO_Fichas/Stm32_3SO/inc" -I"/home/bruno-laptop/Projects/STM/WS/3SO_Fichas/Stm32_3SO/StdPeriph_Driver/inc" -I"/home/bruno-laptop/Projects/STM/WS/3SO_Fichas/Stm32_3SO/CMSIS/core" -I"/home/bruno-laptop/Projects/STM/WS/3SO_Fichas/Stm32_3SO/CMSIS/device" -O0 -g3 -Wall -fmessage-length=0 -ffunction-sections -c -MMD -MP -MF"StdPeriph_Driver/src/stm32f10x_spi.d" -MT"StdPeriph_Driver/src/stm32f10x_spi.o" -o "StdPeriph_Driver/src/stm32f10x_spi.o" "../StdPeriph_Driver/src/stm32f10x_spi.c"
Finished building: ../StdPeriph_Driver/src/stm32f10x_spi.c
 
Building file: ../StdPeriph_Driver/src/stm32f10x_tim.c
Invoking: MCU GCC Compiler
/home/bruno-laptop/Projects/STM/WS/3SO_Fichas/Stm32_3SO/Debug
arm-none-eabi-gcc -mcpu=cortex-m3 -mthumb -mfloat-abi=soft -DSTM32F1 -DSTM32F103RBTx -DSTM32 -DDEBUG -DUSE_STDPERIPH_DRIVER -DSTM32F10X_MD -I"/home/bruno-laptop/Projects/STM/WS/3SO_Fichas/Stm32_3SO/inc" -I"/home/bruno-laptop/Projects/STM/WS/3SO_Fichas/Stm32_3SO/StdPeriph_Driver/inc" -I"/home/bruno-laptop/Projects/STM/WS/3SO_Fichas/Stm32_3SO/CMSIS/core" -I"/home/bruno-laptop/Projects/STM/WS/3SO_Fichas/Stm32_3SO/CMSIS/device" -O0 -g3 -Wall -fmessage-length=0 -ffunction-sections -c -MMD -MP -MF"StdPeriph_Driver/src/stm32f10x_tim.d" -MT"StdPeriph_Driver/src/stm32f10x_tim.o" -o "StdPeriph_Driver/src/stm32f10x_tim.o" "../StdPeriph_Driver/src/stm32f10x_tim.c"
Finished building: ../StdPeriph_Driver/src/stm32f10x_tim.c
 
Building file: ../StdPeriph_Driver/src/stm32f10x_usart.c
Invoking: MCU GCC Compiler
/home/bruno-laptop/Projects/STM/WS/3SO_Fichas/Stm32_3SO/Debug
arm-none-eabi-gcc -mcpu=cortex-m3 -mthumb -mfloat-abi=soft -DSTM32F1 -DSTM32F103RBTx -DSTM32 -DDEBUG -DUSE_STDPERIPH_DRIVER -DSTM32F10X_MD -I"/home/bruno-laptop/Projects/STM/WS/3SO_Fichas/Stm32_3SO/inc" -I"/home/bruno-laptop/Projects/STM/WS/3SO_Fichas/Stm32_3SO/StdPeriph_Driver/inc" -I"/home/bruno-laptop/Projects/STM/WS/3SO_Fichas/Stm32_3SO/CMSIS/core" -I"/home/bruno-laptop/Projects/STM/WS/3SO_Fichas/Stm32_3SO/CMSIS/device" -O0 -g3 -Wall -fmessage-length=0 -ffunction-sections -c -MMD -MP -MF"StdPeriph_Driver/src/stm32f10x_usart.d" -MT"StdPeriph_Driver/src/stm32f10x_usart.o" -o "StdPeriph_Driver/src/stm32f10x_usart.o" "../StdPeriph_Driver/src/stm32f10x_usart.c"
Finished building: ../StdPeriph_Driver/src/stm32f10x_usart.c
 
Building file: ../StdPeriph_Driver/src/stm32f10x_wwdg.c
Invoking: MCU GCC Compiler
/home/bruno-laptop/Projects/STM/WS/3SO_Fichas/Stm32_3SO/Debug
arm-none-eabi-gcc -mcpu=cortex-m3 -mthumb -mfloat-abi=soft -DSTM32F1 -DSTM32F103RBTx -DSTM32 -DDEBUG -DUSE_STDPERIPH_DRIVER -DSTM32F10X_MD -I"/home/bruno-laptop/Projects/STM/WS/3SO_Fichas/Stm32_3SO/inc" -I"/home/bruno-laptop/Projects/STM/WS/3SO_Fichas/Stm32_3SO/StdPeriph_Driver/inc" -I"/home/bruno-laptop/Projects/STM/WS/3SO_Fichas/Stm32_3SO/CMSIS/core" -I"/home/bruno-laptop/Projects/STM/WS/3SO_Fichas/Stm32_3SO/CMSIS/device" -O0 -g3 -Wall -fmessage-length=0 -ffunction-sections -c -MMD -MP -MF"StdPeriph_Driver/src/stm32f10x_wwdg.d" -MT"StdPeriph_Driver/src/stm32f10x_wwdg.o" -o "StdPeriph_Driver/src/stm32f10x_wwdg.o" "../StdPeriph_Driver/src/stm32f10x_wwdg.c"
Finished building: ../StdPeriph_Driver/src/stm32f10x_wwdg.c
 
Building file: ../CMSIS/core/core_cm3.c
Invoking: MCU GCC Compiler
/home/bruno-laptop/Projects/STM/WS/3SO_Fichas/Stm32_3SO/Debug
arm-none-eabi-gcc -mcpu=cortex-m3 -mthumb -mfloat-abi=soft -DSTM32F1 -DSTM32F103RBTx -DSTM32 -DDEBUG -DUSE_STDPERIPH_DRIVER -DSTM32F10X_MD -I"/home/bruno-laptop/Projects/STM/WS/3SO_Fichas/Stm32_3SO/inc" -I"/home/bruno-laptop/Projects/STM/WS/3SO_Fichas/Stm32_3SO/StdPeriph_Driver/inc" -I"/home/bruno-laptop/Projects/STM/WS/3SO_Fichas/Stm32_3SO/CMSIS/core" -I"/home/bruno-laptop/Projects/STM/WS/3SO_Fichas/Stm32_3SO/CMSIS/device" -O0 -g3 -Wall -fmessage-length=0 -ffunction-sections -c -MMD -MP -MF"CMSIS/core/core_cm3.d" -MT"CMSIS/core/core_cm3.o" -o "CMSIS/core/core_cm3.o" "../CMSIS/core/core_cm3.c"
Finished building: ../CMSIS/core/core_cm3.c
 
Building target: 3SO.elf
Invoking: MCU GCC Linker
arm-none-eabi-gcc -mcpu=cortex-m3 -mthumb -mfloat-abi=soft -T"/home/bruno-laptop/Projects/STM/WS/3SO_Fichas/Stm32_3SO/LinkerScript.ld" -Wl,-Map=output.map -Wl,--gc-sections -o "3SO.elf" @"objects.list"   -lm
Finished building target: 3SO.elf
 
make --no-print-directory post-build
Generating binary and Printing size information:
arm-none-eabi-objcopy -O binary "3SO.elf" "3SO.bin"
arm-none-eabi-size "3SO.elf"
   text	   data	    bss	    dec	    hex	filename
   2044	   1088	   1092	   4224	   1080	3SO.elf
 
21:01:38 **** Incremental Build of configuration Debug for project 3SO ****
make all 
make: Nothing to be done for 'all'.
21:02:04 **** Incremental Build of configuration Debug for project 3SO ****
make all 
make: Nothing to be done for 'all'.
21:02:11 **** Clean-only build of configuration Debug for project 3SO ****
make clean 
rm -rf *
 
21:02:24 **** Build of configuration Debug for project 3SO ****
make all 
Building file: ../startup/startup_stm32.s
Invoking: MCU GCC Assembler
/home/bruno-laptop/Projects/STM/WS/3SO_Fichas/Stm32_3SO/Debug
arm-none-eabi-as -mcpu=cortex-m3 -mthumb -mfloat-abi=soft -I"/home/bruno-laptop/Projects/STM/WS/3SO_Fichas/Stm32_3SO/inc" -I"/home/bruno-laptop/Projects/STM/WS/3SO_Fichas/Stm32_3SO/StdPeriph_Driver/inc" -I"/home/bruno-laptop/Projects/STM/WS/3SO_Fichas/Stm32_3SO/CMSIS/core" -I"/home/bruno-laptop/Projects/STM/WS/3SO_Fichas/Stm32_3SO/CMSIS/device" -g -o "startup/startup_stm32.o" "../startup/startup_stm32.s"
Finished building: ../startup/startup_stm32.s
 
Building file: ../src/aula_1.c
Invoking: MCU GCC Compiler
/home/bruno-laptop/Projects/STM/WS/3SO_Fichas/Stm32_3SO/Debug
arm-none-eabi-gcc -mcpu=cortex-m3 -mthumb -mfloat-abi=soft -DSTM32F1 -DSTM32F103RBTx -DSTM32 -DDEBUG -DUSE_STDPERIPH_DRIVER -DSTM32F10X_MD -I"/home/bruno-laptop/Projects/STM/WS/3SO_Fichas/Stm32_3SO/inc" -I"/home/bruno-laptop/Projects/STM/WS/3SO_Fichas/Stm32_3SO/StdPeriph_Driver/inc" -I"/home/bruno-laptop/Projects/STM/WS/3SO_Fichas/Stm32_3SO/CMSIS/core" -I"/home/bruno-laptop/Projects/STM/WS/3SO_Fichas/Stm32_3SO/CMSIS/device" -O0 -g3 -Wall -fmessage-length=0 -ffunction-sections -c -MMD -MP -MF"src/aula_1.d" -MT"src/aula_1.o" -o "src/aula_1.o" "../src/aula_1.c"
Finished building: ../src/aula_1.c
 
Building file: ../src/lcd.c
Invoking: MCU GCC Compiler
/home/bruno-laptop/Projects/STM/WS/3SO_Fichas/Stm32_3SO/Debug
arm-none-eabi-gcc -mcpu=cortex-m3 -mthumb -mfloat-abi=soft -DSTM32F1 -DSTM32F103RBTx -DSTM32 -DDEBUG -DUSE_STDPERIPH_DRIVER -DSTM32F10X_MD -I"/home/bruno-laptop/Projects/STM/WS/3SO_Fichas/Stm32_3SO/inc" -I"/home/bruno-laptop/Projects/STM/WS/3SO_Fichas/Stm32_3SO/StdPeriph_Driver/inc" -I"/home/bruno-laptop/Projects/STM/WS/3SO_Fichas/Stm32_3SO/CMSIS/core" -I"/home/bruno-laptop/Projects/STM/WS/3SO_Fichas/Stm32_3SO/CMSIS/device" -O0 -g3 -Wall -fmessage-length=0 -ffunction-sections -c -MMD -MP -MF"src/lcd.d" -MT"src/lcd.o" -o "src/lcd.o" "../src/lcd.c"
Finished building: ../src/lcd.c
 
Building file: ../src/main.c
Invoking: MCU GCC Compiler
/home/bruno-laptop/Projects/STM/WS/3SO_Fichas/Stm32_3SO/Debug
arm-none-eabi-gcc -mcpu=cortex-m3 -mthumb -mfloat-abi=soft -DSTM32F1 -DSTM32F103RBTx -DSTM32 -DDEBUG -DUSE_STDPERIPH_DRIVER -DSTM32F10X_MD -I"/home/bruno-laptop/Projects/STM/WS/3SO_Fichas/Stm32_3SO/inc" -I"/home/bruno-laptop/Projects/STM/WS/3SO_Fichas/Stm32_3SO/StdPeriph_Driver/inc" -I"/home/bruno-laptop/Projects/STM/WS/3SO_Fichas/Stm32_3SO/CMSIS/core" -I"/home/bruno-laptop/Projects/STM/WS/3SO_Fichas/Stm32_3SO/CMSIS/device" -O0 -g3 -Wall -fmessage-length=0 -ffunction-sections -c -MMD -MP -MF"src/main.d" -MT"src/main.o" -o "src/main.o" "../src/main.c"
Finished building: ../src/main.c
 
Building file: ../src/stm32f10x_it.c
Invoking: MCU GCC Compiler
/home/bruno-laptop/Projects/STM/WS/3SO_Fichas/Stm32_3SO/Debug
arm-none-eabi-gcc -mcpu=cortex-m3 -mthumb -mfloat-abi=soft -DSTM32F1 -DSTM32F103RBTx -DSTM32 -DDEBUG -DUSE_STDPERIPH_DRIVER -DSTM32F10X_MD -I"/home/bruno-laptop/Projects/STM/WS/3SO_Fichas/Stm32_3SO/inc" -I"/home/bruno-laptop/Projects/STM/WS/3SO_Fichas/Stm32_3SO/StdPeriph_Driver/inc" -I"/home/bruno-laptop/Projects/STM/WS/3SO_Fichas/Stm32_3SO/CMSIS/core" -I"/home/bruno-laptop/Projects/STM/WS/3SO_Fichas/Stm32_3SO/CMSIS/device" -O0 -g3 -Wall -fmessage-length=0 -ffunction-sections -c -MMD -MP -MF"src/stm32f10x_it.d" -MT"src/stm32f10x_it.o" -o "src/stm32f10x_it.o" "../src/stm32f10x_it.c"
Finished building: ../src/stm32f10x_it.c
 
Building file: ../src/syscalls.c
Invoking: MCU GCC Compiler
/home/bruno-laptop/Projects/STM/WS/3SO_Fichas/Stm32_3SO/Debug
arm-none-eabi-gcc -mcpu=cortex-m3 -mthumb -mfloat-abi=soft -DSTM32F1 -DSTM32F103RBTx -DSTM32 -DDEBUG -DUSE_STDPERIPH_DRIVER -DSTM32F10X_MD -I"/home/bruno-laptop/Projects/STM/WS/3SO_Fichas/Stm32_3SO/inc" -I"/home/bruno-laptop/Projects/STM/WS/3SO_Fichas/Stm32_3SO/StdPeriph_Driver/inc" -I"/home/bruno-laptop/Projects/STM/WS/3SO_Fichas/Stm32_3SO/CMSIS/core" -I"/home/bruno-laptop/Projects/STM/WS/3SO_Fichas/Stm32_3SO/CMSIS/device" -O0 -g3 -Wall -fmessage-length=0 -ffunction-sections -c -MMD -MP -MF"src/syscalls.d" -MT"src/syscalls.o" -o "src/syscalls.o" "../src/syscalls.c"
Finished building: ../src/syscalls.c
 
Building file: ../StdPeriph_Driver/src/misc.c
Invoking: MCU GCC Compiler
/home/bruno-laptop/Projects/STM/WS/3SO_Fichas/Stm32_3SO/Debug
arm-none-eabi-gcc -mcpu=cortex-m3 -mthumb -mfloat-abi=soft -DSTM32F1 -DSTM32F103RBTx -DSTM32 -DDEBUG -DUSE_STDPERIPH_DRIVER -DSTM32F10X_MD -I"/home/bruno-laptop/Projects/STM/WS/3SO_Fichas/Stm32_3SO/inc" -I"/home/bruno-laptop/Projects/STM/WS/3SO_Fichas/Stm32_3SO/StdPeriph_Driver/inc" -I"/home/bruno-laptop/Projects/STM/WS/3SO_Fichas/Stm32_3SO/CMSIS/core" -I"/home/bruno-laptop/Projects/STM/WS/3SO_Fichas/Stm32_3SO/CMSIS/device" -O0 -g3 -Wall -fmessage-length=0 -ffunction-sections -c -MMD -MP -MF"StdPeriph_Driver/src/misc.d" -MT"StdPeriph_Driver/src/misc.o" -o "StdPeriph_Driver/src/misc.o" "../StdPeriph_Driver/src/misc.c"
Finished building: ../StdPeriph_Driver/src/misc.c
 
Building file: ../StdPeriph_Driver/src/stm32f10x_adc.c
Invoking: MCU GCC Compiler
/home/bruno-laptop/Projects/STM/WS/3SO_Fichas/Stm32_3SO/Debug
arm-none-eabi-gcc -mcpu=cortex-m3 -mthumb -mfloat-abi=soft -DSTM32F1 -DSTM32F103RBTx -DSTM32 -DDEBUG -DUSE_STDPERIPH_DRIVER -DSTM32F10X_MD -I"/home/bruno-laptop/Projects/STM/WS/3SO_Fichas/Stm32_3SO/inc" -I"/home/bruno-laptop/Projects/STM/WS/3SO_Fichas/Stm32_3SO/StdPeriph_Driver/inc" -I"/home/bruno-laptop/Projects/STM/WS/3SO_Fichas/Stm32_3SO/CMSIS/core" -I"/home/bruno-laptop/Projects/STM/WS/3SO_Fichas/Stm32_3SO/CMSIS/device" -O0 -g3 -Wall -fmessage-length=0 -ffunction-sections -c -MMD -MP -MF"StdPeriph_Driver/src/stm32f10x_adc.d" -MT"StdPeriph_Driver/src/stm32f10x_adc.o" -o "StdPeriph_Driver/src/stm32f10x_adc.o" "../StdPeriph_Driver/src/stm32f10x_adc.c"
Finished building: ../StdPeriph_Driver/src/stm32f10x_adc.c
 
Building file: ../StdPeriph_Driver/src/stm32f10x_bkp.c
Invoking: MCU GCC Compiler
/home/bruno-laptop/Projects/STM/WS/3SO_Fichas/Stm32_3SO/Debug
arm-none-eabi-gcc -mcpu=cortex-m3 -mthumb -mfloat-abi=soft -DSTM32F1 -DSTM32F103RBTx -DSTM32 -DDEBUG -DUSE_STDPERIPH_DRIVER -DSTM32F10X_MD -I"/home/bruno-laptop/Projects/STM/WS/3SO_Fichas/Stm32_3SO/inc" -I"/home/bruno-laptop/Projects/STM/WS/3SO_Fichas/Stm32_3SO/StdPeriph_Driver/inc" -I"/home/bruno-laptop/Projects/STM/WS/3SO_Fichas/Stm32_3SO/CMSIS/core" -I"/home/bruno-laptop/Projects/STM/WS/3SO_Fichas/Stm32_3SO/CMSIS/device" -O0 -g3 -Wall -fmessage-length=0 -ffunction-sections -c -MMD -MP -MF"StdPeriph_Driver/src/stm32f10x_bkp.d" -MT"StdPeriph_Driver/src/stm32f10x_bkp.o" -o "StdPeriph_Driver/src/stm32f10x_bkp.o" "../StdPeriph_Driver/src/stm32f10x_bkp.c"
Finished building: ../StdPeriph_Driver/src/stm32f10x_bkp.c
 
Building file: ../StdPeriph_Driver/src/stm32f10x_can.c
Invoking: MCU GCC Compiler
/home/bruno-laptop/Projects/STM/WS/3SO_Fichas/Stm32_3SO/Debug
arm-none-eabi-gcc -mcpu=cortex-m3 -mthumb -mfloat-abi=soft -DSTM32F1 -DSTM32F103RBTx -DSTM32 -DDEBUG -DUSE_STDPERIPH_DRIVER -DSTM32F10X_MD -I"/home/bruno-laptop/Projects/STM/WS/3SO_Fichas/Stm32_3SO/inc" -I"/home/bruno-laptop/Projects/STM/WS/3SO_Fichas/Stm32_3SO/StdPeriph_Driver/inc" -I"/home/bruno-laptop/Projects/STM/WS/3SO_Fichas/Stm32_3SO/CMSIS/core" -I"/home/bruno-laptop/Projects/STM/WS/3SO_Fichas/Stm32_3SO/CMSIS/device" -O0 -g3 -Wall -fmessage-length=0 -ffunction-sections -c -MMD -MP -MF"StdPeriph_Driver/src/stm32f10x_can.d" -MT"StdPeriph_Driver/src/stm32f10x_can.o" -o "StdPeriph_Driver/src/stm32f10x_can.o" "../StdPeriph_Driver/src/stm32f10x_can.c"
Finished building: ../StdPeriph_Driver/src/stm32f10x_can.c
 
Building file: ../StdPeriph_Driver/src/stm32f10x_cec.c
Invoking: MCU GCC Compiler
/home/bruno-laptop/Projects/STM/WS/3SO_Fichas/Stm32_3SO/Debug
arm-none-eabi-gcc -mcpu=cortex-m3 -mthumb -mfloat-abi=soft -DSTM32F1 -DSTM32F103RBTx -DSTM32 -DDEBUG -DUSE_STDPERIPH_DRIVER -DSTM32F10X_MD -I"/home/bruno-laptop/Projects/STM/WS/3SO_Fichas/Stm32_3SO/inc" -I"/home/bruno-laptop/Projects/STM/WS/3SO_Fichas/Stm32_3SO/StdPeriph_Driver/inc" -I"/home/bruno-laptop/Projects/STM/WS/3SO_Fichas/Stm32_3SO/CMSIS/core" -I"/home/bruno-laptop/Projects/STM/WS/3SO_Fichas/Stm32_3SO/CMSIS/device" -O0 -g3 -Wall -fmessage-length=0 -ffunction-sections -c -MMD -MP -MF"StdPeriph_Driver/src/stm32f10x_cec.d" -MT"StdPeriph_Driver/src/stm32f10x_cec.o" -o "StdPeriph_Driver/src/stm32f10x_cec.o" "../StdPeriph_Driver/src/stm32f10x_cec.c"
Finished building: ../StdPeriph_Driver/src/stm32f10x_cec.c
 
Building file: ../StdPeriph_Driver/src/stm32f10x_crc.c
Invoking: MCU GCC Compiler
/home/bruno-laptop/Projects/STM/WS/3SO_Fichas/Stm32_3SO/Debug
arm-none-eabi-gcc -mcpu=cortex-m3 -mthumb -mfloat-abi=soft -DSTM32F1 -DSTM32F103RBTx -DSTM32 -DDEBUG -DUSE_STDPERIPH_DRIVER -DSTM32F10X_MD -I"/home/bruno-laptop/Projects/STM/WS/3SO_Fichas/Stm32_3SO/inc" -I"/home/bruno-laptop/Projects/STM/WS/3SO_Fichas/Stm32_3SO/StdPeriph_Driver/inc" -I"/home/bruno-laptop/Projects/STM/WS/3SO_Fichas/Stm32_3SO/CMSIS/core" -I"/home/bruno-laptop/Projects/STM/WS/3SO_Fichas/Stm32_3SO/CMSIS/device" -O0 -g3 -Wall -fmessage-length=0 -ffunction-sections -c -MMD -MP -MF"StdPeriph_Driver/src/stm32f10x_crc.d" -MT"StdPeriph_Driver/src/stm32f10x_crc.o" -o "StdPeriph_Driver/src/stm32f10x_crc.o" "../StdPeriph_Driver/src/stm32f10x_crc.c"
Finished building: ../StdPeriph_Driver/src/stm32f10x_crc.c
 
Building file: ../StdPeriph_Driver/src/stm32f10x_dac.c
Invoking: MCU GCC Compiler
/home/bruno-laptop/Projects/STM/WS/3SO_Fichas/Stm32_3SO/Debug
arm-none-eabi-gcc -mcpu=cortex-m3 -mthumb -mfloat-abi=soft -DSTM32F1 -DSTM32F103RBTx -DSTM32 -DDEBUG -DUSE_STDPERIPH_DRIVER -DSTM32F10X_MD -I"/home/bruno-laptop/Projects/STM/WS/3SO_Fichas/Stm32_3SO/inc" -I"/home/bruno-laptop/Projects/STM/WS/3SO_Fichas/Stm32_3SO/StdPeriph_Driver/inc" -I"/home/bruno-laptop/Projects/STM/WS/3SO_Fichas/Stm32_3SO/CMSIS/core" -I"/home/bruno-laptop/Projects/STM/WS/3SO_Fichas/Stm32_3SO/CMSIS/device" -O0 -g3 -Wall -fmessage-length=0 -ffunction-sections -c -MMD -MP -MF"StdPeriph_Driver/src/stm32f10x_dac.d" -MT"StdPeriph_Driver/src/stm32f10x_dac.o" -o "StdPeriph_Driver/src/stm32f10x_dac.o" "../StdPeriph_Driver/src/stm32f10x_dac.c"
Finished building: ../StdPeriph_Driver/src/stm32f10x_dac.c
 
Building file: ../StdPeriph_Driver/src/stm32f10x_dbgmcu.c
Invoking: MCU GCC Compiler
/home/bruno-laptop/Projects/STM/WS/3SO_Fichas/Stm32_3SO/Debug
arm-none-eabi-gcc -mcpu=cortex-m3 -mthumb -mfloat-abi=soft -DSTM32F1 -DSTM32F103RBTx -DSTM32 -DDEBUG -DUSE_STDPERIPH_DRIVER -DSTM32F10X_MD -I"/home/bruno-laptop/Projects/STM/WS/3SO_Fichas/Stm32_3SO/inc" -I"/home/bruno-laptop/Projects/STM/WS/3SO_Fichas/Stm32_3SO/StdPeriph_Driver/inc" -I"/home/bruno-laptop/Projects/STM/WS/3SO_Fichas/Stm32_3SO/CMSIS/core" -I"/home/bruno-laptop/Projects/STM/WS/3SO_Fichas/Stm32_3SO/CMSIS/device" -O0 -g3 -Wall -fmessage-length=0 -ffunction-sections -c -MMD -MP -MF"StdPeriph_Driver/src/stm32f10x_dbgmcu.d" -MT"StdPeriph_Driver/src/stm32f10x_dbgmcu.o" -o "StdPeriph_Driver/src/stm32f10x_dbgmcu.o" "../StdPeriph_Driver/src/stm32f10x_dbgmcu.c"
Finished building: ../StdPeriph_Driver/src/stm32f10x_dbgmcu.c
 
Building file: ../StdPeriph_Driver/src/stm32f10x_dma.c
Invoking: MCU GCC Compiler
/home/bruno-laptop/Projects/STM/WS/3SO_Fichas/Stm32_3SO/Debug
arm-none-eabi-gcc -mcpu=cortex-m3 -mthumb -mfloat-abi=soft -DSTM32F1 -DSTM32F103RBTx -DSTM32 -DDEBUG -DUSE_STDPERIPH_DRIVER -DSTM32F10X_MD -I"/home/bruno-laptop/Projects/STM/WS/3SO_Fichas/Stm32_3SO/inc" -I"/home/bruno-laptop/Projects/STM/WS/3SO_Fichas/Stm32_3SO/StdPeriph_Driver/inc" -I"/home/bruno-laptop/Projects/STM/WS/3SO_Fichas/Stm32_3SO/CMSIS/core" -I"/home/bruno-laptop/Projects/STM/WS/3SO_Fichas/Stm32_3SO/CMSIS/device" -O0 -g3 -Wall -fmessage-length=0 -ffunction-sections -c -MMD -MP -MF"StdPeriph_Driver/src/stm32f10x_dma.d" -MT"StdPeriph_Driver/src/stm32f10x_dma.o" -o "StdPeriph_Driver/src/stm32f10x_dma.o" "../StdPeriph_Driver/src/stm32f10x_dma.c"
Finished building: ../StdPeriph_Driver/src/stm32f10x_dma.c
 
Building file: ../StdPeriph_Driver/src/stm32f10x_exti.c
Invoking: MCU GCC Compiler
/home/bruno-laptop/Projects/STM/WS/3SO_Fichas/Stm32_3SO/Debug
arm-none-eabi-gcc -mcpu=cortex-m3 -mthumb -mfloat-abi=soft -DSTM32F1 -DSTM32F103RBTx -DSTM32 -DDEBUG -DUSE_STDPERIPH_DRIVER -DSTM32F10X_MD -I"/home/bruno-laptop/Projects/STM/WS/3SO_Fichas/Stm32_3SO/inc" -I"/home/bruno-laptop/Projects/STM/WS/3SO_Fichas/Stm32_3SO/StdPeriph_Driver/inc" -I"/home/bruno-laptop/Projects/STM/WS/3SO_Fichas/Stm32_3SO/CMSIS/core" -I"/home/bruno-laptop/Projects/STM/WS/3SO_Fichas/Stm32_3SO/CMSIS/device" -O0 -g3 -Wall -fmessage-length=0 -ffunction-sections -c -MMD -MP -MF"StdPeriph_Driver/src/stm32f10x_exti.d" -MT"StdPeriph_Driver/src/stm32f10x_exti.o" -o "StdPeriph_Driver/src/stm32f10x_exti.o" "../StdPeriph_Driver/src/stm32f10x_exti.c"
Finished building: ../StdPeriph_Driver/src/stm32f10x_exti.c
 
Building file: ../StdPeriph_Driver/src/stm32f10x_flash.c
Invoking: MCU GCC Compiler
/home/bruno-laptop/Projects/STM/WS/3SO_Fichas/Stm32_3SO/Debug
arm-none-eabi-gcc -mcpu=cortex-m3 -mthumb -mfloat-abi=soft -DSTM32F1 -DSTM32F103RBTx -DSTM32 -DDEBUG -DUSE_STDPERIPH_DRIVER -DSTM32F10X_MD -I"/home/bruno-laptop/Projects/STM/WS/3SO_Fichas/Stm32_3SO/inc" -I"/home/bruno-laptop/Projects/STM/WS/3SO_Fichas/Stm32_3SO/StdPeriph_Driver/inc" -I"/home/bruno-laptop/Projects/STM/WS/3SO_Fichas/Stm32_3SO/CMSIS/core" -I"/home/bruno-laptop/Projects/STM/WS/3SO_Fichas/Stm32_3SO/CMSIS/device" -O0 -g3 -Wall -fmessage-length=0 -ffunction-sections -c -MMD -MP -MF"StdPeriph_Driver/src/stm32f10x_flash.d" -MT"StdPeriph_Driver/src/stm32f10x_flash.o" -o "StdPeriph_Driver/src/stm32f10x_flash.o" "../StdPeriph_Driver/src/stm32f10x_flash.c"
Finished building: ../StdPeriph_Driver/src/stm32f10x_flash.c
 
Building file: ../StdPeriph_Driver/src/stm32f10x_fsmc.c
Invoking: MCU GCC Compiler
/home/bruno-laptop/Projects/STM/WS/3SO_Fichas/Stm32_3SO/Debug
arm-none-eabi-gcc -mcpu=cortex-m3 -mthumb -mfloat-abi=soft -DSTM32F1 -DSTM32F103RBTx -DSTM32 -DDEBUG -DUSE_STDPERIPH_DRIVER -DSTM32F10X_MD -I"/home/bruno-laptop/Projects/STM/WS/3SO_Fichas/Stm32_3SO/inc" -I"/home/bruno-laptop/Projects/STM/WS/3SO_Fichas/Stm32_3SO/StdPeriph_Driver/inc" -I"/home/bruno-laptop/Projects/STM/WS/3SO_Fichas/Stm32_3SO/CMSIS/core" -I"/home/bruno-laptop/Projects/STM/WS/3SO_Fichas/Stm32_3SO/CMSIS/device" -O0 -g3 -Wall -fmessage-length=0 -ffunction-sections -c -MMD -MP -MF"StdPeriph_Driver/src/stm32f10x_fsmc.d" -MT"StdPeriph_Driver/src/stm32f10x_fsmc.o" -o "StdPeriph_Driver/src/stm32f10x_fsmc.o" "../StdPeriph_Driver/src/stm32f10x_fsmc.c"
Finished building: ../StdPeriph_Driver/src/stm32f10x_fsmc.c
 
Building file: ../StdPeriph_Driver/src/stm32f10x_gpio.c
Invoking: MCU GCC Compiler
/home/bruno-laptop/Projects/STM/WS/3SO_Fichas/Stm32_3SO/Debug
arm-none-eabi-gcc -mcpu=cortex-m3 -mthumb -mfloat-abi=soft -DSTM32F1 -DSTM32F103RBTx -DSTM32 -DDEBUG -DUSE_STDPERIPH_DRIVER -DSTM32F10X_MD -I"/home/bruno-laptop/Projects/STM/WS/3SO_Fichas/Stm32_3SO/inc" -I"/home/bruno-laptop/Projects/STM/WS/3SO_Fichas/Stm32_3SO/StdPeriph_Driver/inc" -I"/home/bruno-laptop/Projects/STM/WS/3SO_Fichas/Stm32_3SO/CMSIS/core" -I"/home/bruno-laptop/Projects/STM/WS/3SO_Fichas/Stm32_3SO/CMSIS/device" -O0 -g3 -Wall -fmessage-length=0 -ffunction-sections -c -MMD -MP -MF"StdPeriph_Driver/src/stm32f10x_gpio.d" -MT"StdPeriph_Driver/src/stm32f10x_gpio.o" -o "StdPeriph_Driver/src/stm32f10x_gpio.o" "../StdPeriph_Driver/src/stm32f10x_gpio.c"
Finished building: ../StdPeriph_Driver/src/stm32f10x_gpio.c
 
Building file: ../StdPeriph_Driver/src/stm32f10x_i2c.c
Invoking: MCU GCC Compiler
/home/bruno-laptop/Projects/STM/WS/3SO_Fichas/Stm32_3SO/Debug
arm-none-eabi-gcc -mcpu=cortex-m3 -mthumb -mfloat-abi=soft -DSTM32F1 -DSTM32F103RBTx -DSTM32 -DDEBUG -DUSE_STDPERIPH_DRIVER -DSTM32F10X_MD -I"/home/bruno-laptop/Projects/STM/WS/3SO_Fichas/Stm32_3SO/inc" -I"/home/bruno-laptop/Projects/STM/WS/3SO_Fichas/Stm32_3SO/StdPeriph_Driver/inc" -I"/home/bruno-laptop/Projects/STM/WS/3SO_Fichas/Stm32_3SO/CMSIS/core" -I"/home/bruno-laptop/Projects/STM/WS/3SO_Fichas/Stm32_3SO/CMSIS/device" -O0 -g3 -Wall -fmessage-length=0 -ffunction-sections -c -MMD -MP -MF"StdPeriph_Driver/src/stm32f10x_i2c.d" -MT"StdPeriph_Driver/src/stm32f10x_i2c.o" -o "StdPeriph_Driver/src/stm32f10x_i2c.o" "../StdPeriph_Driver/src/stm32f10x_i2c.c"
Finished building: ../StdPeriph_Driver/src/stm32f10x_i2c.c
 
Building file: ../StdPeriph_Driver/src/stm32f10x_iwdg.c
Invoking: MCU GCC Compiler
/home/bruno-laptop/Projects/STM/WS/3SO_Fichas/Stm32_3SO/Debug
arm-none-eabi-gcc -mcpu=cortex-m3 -mthumb -mfloat-abi=soft -DSTM32F1 -DSTM32F103RBTx -DSTM32 -DDEBUG -DUSE_STDPERIPH_DRIVER -DSTM32F10X_MD -I"/home/bruno-laptop/Projects/STM/WS/3SO_Fichas/Stm32_3SO/inc" -I"/home/bruno-laptop/Projects/STM/WS/3SO_Fichas/Stm32_3SO/StdPeriph_Driver/inc" -I"/home/bruno-laptop/Projects/STM/WS/3SO_Fichas/Stm32_3SO/CMSIS/core" -I"/home/bruno-laptop/Projects/STM/WS/3SO_Fichas/Stm32_3SO/CMSIS/device" -O0 -g3 -Wall -fmessage-length=0 -ffunction-sections -c -MMD -MP -MF"StdPeriph_Driver/src/stm32f10x_iwdg.d" -MT"StdPeriph_Driver/src/stm32f10x_iwdg.o" -o "StdPeriph_Driver/src/stm32f10x_iwdg.o" "../StdPeriph_Driver/src/stm32f10x_iwdg.c"
Finished building: ../StdPeriph_Driver/src/stm32f10x_iwdg.c
 
Building file: ../StdPeriph_Driver/src/stm32f10x_pwr.c
Invoking: MCU GCC Compiler
/home/bruno-laptop/Projects/STM/WS/3SO_Fichas/Stm32_3SO/Debug
arm-none-eabi-gcc -mcpu=cortex-m3 -mthumb -mfloat-abi=soft -DSTM32F1 -DSTM32F103RBTx -DSTM32 -DDEBUG -DUSE_STDPERIPH_DRIVER -DSTM32F10X_MD -I"/home/bruno-laptop/Projects/STM/WS/3SO_Fichas/Stm32_3SO/inc" -I"/home/bruno-laptop/Projects/STM/WS/3SO_Fichas/Stm32_3SO/StdPeriph_Driver/inc" -I"/home/bruno-laptop/Projects/STM/WS/3SO_Fichas/Stm32_3SO/CMSIS/core" -I"/home/bruno-laptop/Projects/STM/WS/3SO_Fichas/Stm32_3SO/CMSIS/device" -O0 -g3 -Wall -fmessage-length=0 -ffunction-sections -c -MMD -MP -MF"StdPeriph_Driver/src/stm32f10x_pwr.d" -MT"StdPeriph_Driver/src/stm32f10x_pwr.o" -o "StdPeriph_Driver/src/stm32f10x_pwr.o" "../StdPeriph_Driver/src/stm32f10x_pwr.c"
Finished building: ../StdPeriph_Driver/src/stm32f10x_pwr.c
 
Building file: ../StdPeriph_Driver/src/stm32f10x_rcc.c
Invoking: MCU GCC Compiler
/home/bruno-laptop/Projects/STM/WS/3SO_Fichas/Stm32_3SO/Debug
arm-none-eabi-gcc -mcpu=cortex-m3 -mthumb -mfloat-abi=soft -DSTM32F1 -DSTM32F103RBTx -DSTM32 -DDEBUG -DUSE_STDPERIPH_DRIVER -DSTM32F10X_MD -I"/home/bruno-laptop/Projects/STM/WS/3SO_Fichas/Stm32_3SO/inc" -I"/home/bruno-laptop/Projects/STM/WS/3SO_Fichas/Stm32_3SO/StdPeriph_Driver/inc" -I"/home/bruno-laptop/Projects/STM/WS/3SO_Fichas/Stm32_3SO/CMSIS/core" -I"/home/bruno-laptop/Projects/STM/WS/3SO_Fichas/Stm32_3SO/CMSIS/device" -O0 -g3 -Wall -fmessage-length=0 -ffunction-sections -c -MMD -MP -MF"StdPeriph_Driver/src/stm32f10x_rcc.d" -MT"StdPeriph_Driver/src/stm32f10x_rcc.o" -o "StdPeriph_Driver/src/stm32f10x_rcc.o" "../StdPeriph_Driver/src/stm32f10x_rcc.c"
Finished building: ../StdPeriph_Driver/src/stm32f10x_rcc.c
 
Building file: ../StdPeriph_Driver/src/stm32f10x_rtc.c
Invoking: MCU GCC Compiler
/home/bruno-laptop/Projects/STM/WS/3SO_Fichas/Stm32_3SO/Debug
arm-none-eabi-gcc -mcpu=cortex-m3 -mthumb -mfloat-abi=soft -DSTM32F1 -DSTM32F103RBTx -DSTM32 -DDEBUG -DUSE_STDPERIPH_DRIVER -DSTM32F10X_MD -I"/home/bruno-laptop/Projects/STM/WS/3SO_Fichas/Stm32_3SO/inc" -I"/home/bruno-laptop/Projects/STM/WS/3SO_Fichas/Stm32_3SO/StdPeriph_Driver/inc" -I"/home/bruno-laptop/Projects/STM/WS/3SO_Fichas/Stm32_3SO/CMSIS/core" -I"/home/bruno-laptop/Projects/STM/WS/3SO_Fichas/Stm32_3SO/CMSIS/device" -O0 -g3 -Wall -fmessage-length=0 -ffunction-sections -c -MMD -MP -MF"StdPeriph_Driver/src/stm32f10x_rtc.d" -MT"StdPeriph_Driver/src/stm32f10x_rtc.o" -o "StdPeriph_Driver/src/stm32f10x_rtc.o" "../StdPeriph_Driver/src/stm32f10x_rtc.c"
Finished building: ../StdPeriph_Driver/src/stm32f10x_rtc.c
 
Building file: ../StdPeriph_Driver/src/stm32f10x_sdio.c
Invoking: MCU GCC Compiler
/home/bruno-laptop/Projects/STM/WS/3SO_Fichas/Stm32_3SO/Debug
arm-none-eabi-gcc -mcpu=cortex-m3 -mthumb -mfloat-abi=soft -DSTM32F1 -DSTM32F103RBTx -DSTM32 -DDEBUG -DUSE_STDPERIPH_DRIVER -DSTM32F10X_MD -I"/home/bruno-laptop/Projects/STM/WS/3SO_Fichas/Stm32_3SO/inc" -I"/home/bruno-laptop/Projects/STM/WS/3SO_Fichas/Stm32_3SO/StdPeriph_Driver/inc" -I"/home/bruno-laptop/Projects/STM/WS/3SO_Fichas/Stm32_3SO/CMSIS/core" -I"/home/bruno-laptop/Projects/STM/WS/3SO_Fichas/Stm32_3SO/CMSIS/device" -O0 -g3 -Wall -fmessage-length=0 -ffunction-sections -c -MMD -MP -MF"StdPeriph_Driver/src/stm32f10x_sdio.d" -MT"StdPeriph_Driver/src/stm32f10x_sdio.o" -o "StdPeriph_Driver/src/stm32f10x_sdio.o" "../StdPeriph_Driver/src/stm32f10x_sdio.c"
Finished building: ../StdPeriph_Driver/src/stm32f10x_sdio.c
 
Building file: ../StdPeriph_Driver/src/stm32f10x_spi.c
Invoking: MCU GCC Compiler
/home/bruno-laptop/Projects/STM/WS/3SO_Fichas/Stm32_3SO/Debug
arm-none-eabi-gcc -mcpu=cortex-m3 -mthumb -mfloat-abi=soft -DSTM32F1 -DSTM32F103RBTx -DSTM32 -DDEBUG -DUSE_STDPERIPH_DRIVER -DSTM32F10X_MD -I"/home/bruno-laptop/Projects/STM/WS/3SO_Fichas/Stm32_3SO/inc" -I"/home/bruno-laptop/Projects/STM/WS/3SO_Fichas/Stm32_3SO/StdPeriph_Driver/inc" -I"/home/bruno-laptop/Projects/STM/WS/3SO_Fichas/Stm32_3SO/CMSIS/core" -I"/home/bruno-laptop/Projects/STM/WS/3SO_Fichas/Stm32_3SO/CMSIS/device" -O0 -g3 -Wall -fmessage-length=0 -ffunction-sections -c -MMD -MP -MF"StdPeriph_Driver/src/stm32f10x_spi.d" -MT"StdPeriph_Driver/src/stm32f10x_spi.o" -o "StdPeriph_Driver/src/stm32f10x_spi.o" "../StdPeriph_Driver/src/stm32f10x_spi.c"
Finished building: ../StdPeriph_Driver/src/stm32f10x_spi.c
 
Building file: ../StdPeriph_Driver/src/stm32f10x_tim.c
Invoking: MCU GCC Compiler
/home/bruno-laptop/Projects/STM/WS/3SO_Fichas/Stm32_3SO/Debug
arm-none-eabi-gcc -mcpu=cortex-m3 -mthumb -mfloat-abi=soft -DSTM32F1 -DSTM32F103RBTx -DSTM32 -DDEBUG -DUSE_STDPERIPH_DRIVER -DSTM32F10X_MD -I"/home/bruno-laptop/Projects/STM/WS/3SO_Fichas/Stm32_3SO/inc" -I"/home/bruno-laptop/Projects/STM/WS/3SO_Fichas/Stm32_3SO/StdPeriph_Driver/inc" -I"/home/bruno-laptop/Projects/STM/WS/3SO_Fichas/Stm32_3SO/CMSIS/core" -I"/home/bruno-laptop/Projects/STM/WS/3SO_Fichas/Stm32_3SO/CMSIS/device" -O0 -g3 -Wall -fmessage-length=0 -ffunction-sections -c -MMD -MP -MF"StdPeriph_Driver/src/stm32f10x_tim.d" -MT"StdPeriph_Driver/src/stm32f10x_tim.o" -o "StdPeriph_Driver/src/stm32f10x_tim.o" "../StdPeriph_Driver/src/stm32f10x_tim.c"
Finished building: ../StdPeriph_Driver/src/stm32f10x_tim.c
 
Building file: ../StdPeriph_Driver/src/stm32f10x_usart.c
Invoking: MCU GCC Compiler
/home/bruno-laptop/Projects/STM/WS/3SO_Fichas/Stm32_3SO/Debug
arm-none-eabi-gcc -mcpu=cortex-m3 -mthumb -mfloat-abi=soft -DSTM32F1 -DSTM32F103RBTx -DSTM32 -DDEBUG -DUSE_STDPERIPH_DRIVER -DSTM32F10X_MD -I"/home/bruno-laptop/Projects/STM/WS/3SO_Fichas/Stm32_3SO/inc" -I"/home/bruno-laptop/Projects/STM/WS/3SO_Fichas/Stm32_3SO/StdPeriph_Driver/inc" -I"/home/bruno-laptop/Projects/STM/WS/3SO_Fichas/Stm32_3SO/CMSIS/core" -I"/home/bruno-laptop/Projects/STM/WS/3SO_Fichas/Stm32_3SO/CMSIS/device" -O0 -g3 -Wall -fmessage-length=0 -ffunction-sections -c -MMD -MP -MF"StdPeriph_Driver/src/stm32f10x_usart.d" -MT"StdPeriph_Driver/src/stm32f10x_usart.o" -o "StdPeriph_Driver/src/stm32f10x_usart.o" "../StdPeriph_Driver/src/stm32f10x_usart.c"
Finished building: ../StdPeriph_Driver/src/stm32f10x_usart.c
 
Building file: ../StdPeriph_Driver/src/stm32f10x_wwdg.c
Invoking: MCU GCC Compiler
/home/bruno-laptop/Projects/STM/WS/3SO_Fichas/Stm32_3SO/Debug
arm-none-eabi-gcc -mcpu=cortex-m3 -mthumb -mfloat-abi=soft -DSTM32F1 -DSTM32F103RBTx -DSTM32 -DDEBUG -DUSE_STDPERIPH_DRIVER -DSTM32F10X_MD -I"/home/bruno-laptop/Projects/STM/WS/3SO_Fichas/Stm32_3SO/inc" -I"/home/bruno-laptop/Projects/STM/WS/3SO_Fichas/Stm32_3SO/StdPeriph_Driver/inc" -I"/home/bruno-laptop/Projects/STM/WS/3SO_Fichas/Stm32_3SO/CMSIS/core" -I"/home/bruno-laptop/Projects/STM/WS/3SO_Fichas/Stm32_3SO/CMSIS/device" -O0 -g3 -Wall -fmessage-length=0 -ffunction-sections -c -MMD -MP -MF"StdPeriph_Driver/src/stm32f10x_wwdg.d" -MT"StdPeriph_Driver/src/stm32f10x_wwdg.o" -o "StdPeriph_Driver/src/stm32f10x_wwdg.o" "../StdPeriph_Driver/src/stm32f10x_wwdg.c"
Finished building: ../StdPeriph_Driver/src/stm32f10x_wwdg.c
 
Building file: ../CMSIS/core/core_cm3.c
Invoking: MCU GCC Compiler
/home/bruno-laptop/Projects/STM/WS/3SO_Fichas/Stm32_3SO/Debug
arm-none-eabi-gcc -mcpu=cortex-m3 -mthumb -mfloat-abi=soft -DSTM32F1 -DSTM32F103RBTx -DSTM32 -DDEBUG -DUSE_STDPERIPH_DRIVER -DSTM32F10X_MD -I"/home/bruno-laptop/Projects/STM/WS/3SO_Fichas/Stm32_3SO/inc" -I"/home/bruno-laptop/Projects/STM/WS/3SO_Fichas/Stm32_3SO/StdPeriph_Driver/inc" -I"/home/bruno-laptop/Projects/STM/WS/3SO_Fichas/Stm32_3SO/CMSIS/core" -I"/home/bruno-laptop/Projects/STM/WS/3SO_Fichas/Stm32_3SO/CMSIS/device" -O0 -g3 -Wall -fmessage-length=0 -ffunction-sections -c -MMD -MP -MF"CMSIS/core/core_cm3.d" -MT"CMSIS/core/core_cm3.o" -o "CMSIS/core/core_cm3.o" "../CMSIS/core/core_cm3.c"
Finished building: ../CMSIS/core/core_cm3.c
 
Building target: 3SO.elf
Invoking: MCU GCC Linker
arm-none-eabi-gcc -mcpu=cortex-m3 -mthumb -mfloat-abi=soft -T"/home/bruno-laptop/Projects/STM/WS/3SO_Fichas/Stm32_3SO/LinkerScript.ld" -Wl,-Map=output.map -Wl,--gc-sections -o "3SO.elf" @"objects.list"   -lm
Finished building target: 3SO.elf
 
make --no-print-directory post-build
Generating binary and Printing size information:
arm-none-eabi-objcopy -O binary "3SO.elf" "3SO.bin"
arm-none-eabi-size "3SO.elf"
   text	   data	    bss	    dec	    hex	filename
   2044	   1088	   1092	   4224	   1080	3SO.elf
 
23:51:07 **** Incremental Build of configuration Debug for project 3SO ****
make all 
make: Nothing to be done for 'all'.
23:53:06 **** Incremental Build of configuration Debug for project 3SO ****
make all 
make: Nothing to be done for 'all'.
23:55:44 **** Incremental Build of configuration Debug for project 3SO ****
make all 
make: Nothing to be done for 'all'.
